atoms = 1608, total = 16999995024/1000000000 = 16.999995
net = 23041, B(1+D) = 0.999867975341 (< 1: True)
  dir 0/5761: min 1000024264/1000000000, global 1000024264/1000000000
  dir 60/5761: min 1000024264/1000000000, global 1000024264/1000000000
  dir 120/5761: min 1000024264/1000000000, global 1000024264/1000000000
  dir 180/5761: min 1000024264/1000000000, global 1000024264/1000000000
  dir 240/5761: min 1000024264/1000000000, global 1000024264/1000000000
  dir 300/5761: min 1000024264/1000000000, global 1000024264/1000000000
  dir 360/5761: min 1000024264/1000000000, global 1000024264/1000000000
  dir 420/5761: min 1000024264/1000000000, global 1000024264/1000000000
  dir 480/5761: min 1000024264/1000000000, global 1000024264/1000000000
  dir 540/5761: min 1000024264/1000000000, global 1000024264/1000000000
  dir 600/5761: min 1000024264/1000000000, global 1000024264/1000000000
  dir 660/5761: min 1000024264/1000000000, global 1000024264/1000000000
  dir 720/5761: min 1000024264/1000000000, global 1000024264/1000000000
  dir 780/5761: min 1000024264/1000000000, global 1000024264/1000000000
  dir 840/5761: min 1000024264/1000000000, global 1000024264/1000000000
  dir 900/5761: min 1000024264/1000000000, global 1000024264/1000000000
  dir 960/5761: min 1000024264/1000000000, global 1000024264/1000000000
  dir 1020/5761: min 1000024264/1000000000, global 1000024264/1000000000
  dir 1080/5761: min 1000024264/1000000000, global 1000024264/1000000000
  dir 1140/5761: min 1000024264/1000000000, global 1000024264/1000000000
  dir 1200/5761: min 1000024264/1000000000, global 1000024264/1000000000
  dir 1260/5761: min 1000024264/1000000000, global 1000024264/1000000000
  dir 1320/5761: min 1000024264/1000000000, global 1000024264/1000000000
  dir 1380/5761: min 1000024264/1000000000, global 1000024264/1000000000
  dir 1440/5761: min 1000024264/1000000000, global 1000024264/1000000000
  dir 1500/5761: min 1000024264/1000000000, global 1000024264/1000000000
  dir 1560/5761: min 1000024264/1000000000, global 1000024264/1000000000
  dir 1620/5761: min 1000024264/1000000000, global 1000024264/1000000000
  dir 1680/5761: min 1000024264/1000000000, global 1000024264/1000000000
  dir 1740/5761: min 1000024264/1000000000, global 1000024264/1000000000
  dir 1800/5761: min 1000024264/1000000000, global 1000024264/1000000000
  dir 1860/5761: min 1000024264/1000000000, global 1000024264/1000000000
  dir 1920/5761: min 1000024264/1000000000, global 1000024264/1000000000
  dir 1980/5761: min 1000024264/1000000000, global 1000024264/1000000000
  dir 2040/5761: min 1000024264/1000000000, global 1000024264/1000000000
  dir 2100/5761: min 1000024264/1000000000, global 1000024264/1000000000
  dir 2160/5761: min 1000024264/1000000000, global 1000024264/1000000000
  dir 2220/5761: min 1000024264/1000000000, global 1000024264/1000000000
  dir 2280/5761: min 1000024264/1000000000, global 1000024264/1000000000
  dir 2340/5761: min 1000024264/1000000000, global 1000024264/1000000000
  dir 2400/5761: min 1000024264/1000000000, global 1000024264/1000000000
  dir 2460/5761: min 1000024264/1000000000, global 1000024264/1000000000
  dir 2520/5761: min 1000024264/1000000000, global 1000024264/1000000000
  dir 2580/5761: min 1000024264/1000000000, global 1000024264/1000000000
  dir 2640/5761: min 1000024264/1000000000, global 1000024264/1000000000
  dir 2700/5761: min 1000024264/1000000000, global 1000024264/1000000000
  dir 2760/5761: min 1000024264/1000000000, global 1000024264/1000000000
  dir 2820/5761: min 1000024264/1000000000, global 1000024264/1000000000
  dir 2880/5761: min 1000024264/1000000000, global 1000024264/1000000000
  dir 2940/5761: min 1000024264/1000000000, global 1000024264/1000000000
  dir 3000/5761: min 1000024264/1000000000, global 1000024264/1000000000
  dir 3060/5761: min 1000024264/1000000000, global 1000024264/1000000000
  dir 3120/5761: min 1000024264/1000000000, global 1000024264/1000000000
  dir 3180/5761: min 1000024264/1000000000, global 1000024264/1000000000
  dir 3240/5761: min 1000024264/1000000000, global 1000024264/1000000000
  dir 3300/5761: min 1000024264/1000000000, global 1000024264/1000000000
  dir 3360/5761: min 1000024264/1000000000, global 1000024264/1000000000
  dir 3420/5761: min 1000024264/1000000000, global 1000024264/1000000000
  dir 3480/5761: min 1000024264/1000000000, global 1000024264/1000000000
  dir 3540/5761: min 1000024264/1000000000, global 1000024264/1000000000
  dir 3600/5761: min 1000024264/1000000000, global 1000024264/1000000000
  dir 3660/5761: min 1000024264/1000000000, global 1000024264/1000000000
  dir 3720/5761: min 1000024264/1000000000, global 1000024264/1000000000
  dir 3780/5761: min 1000024264/1000000000, global 1000024264/1000000000
  dir 3840/5761: min 1000024264/1000000000, global 1000024264/1000000000
  dir 3900/5761: min 1000024264/1000000000, global 1000024264/1000000000
  dir 3960/5761: min 1000024264/1000000000, global 1000024264/1000000000
  dir 4020/5761: min 1000024264/1000000000, global 1000024264/1000000000
  dir 4080/5761: min 1000024264/1000000000, global 1000024264/1000000000
  dir 4140/5761: min 1000024264/1000000000, global 1000024264/1000000000
  dir 4200/5761: min 1000024264/1000000000, global 1000024264/1000000000
  dir 4260/5761: min 1000024264/1000000000, global 1000024264/1000000000
  dir 4320/5761: min 1000024264/1000000000, global 1000024264/1000000000
  dir 4380/5761: min 1000024264/1000000000, global 1000024264/1000000000
  dir 4440/5761: min 1000024264/1000000000, global 1000024264/1000000000
  dir 4500/5761: min 1000024264/1000000000, global 1000024264/1000000000
  dir 4560/5761: min 1000024264/1000000000, global 1000024264/1000000000
  dir 4620/5761: min 1000024264/1000000000, global 1000024264/1000000000
  dir 4680/5761: min 1000024264/1000000000, global 1000024264/1000000000
  dir 4740/5761: min 1000024264/1000000000, global 1000024264/1000000000
  dir 4800/5761: min 1000024264/1000000000, global 1000024264/1000000000
  dir 4860/5761: min 1000024264/1000000000, global 1000024264/1000000000
  dir 4920/5761: min 1000024264/1000000000, global 1000024264/1000000000
  dir 4980/5761: min 1000024264/1000000000, global 1000024264/1000000000
  dir 5040/5761: min 1000024264/1000000000, global 1000024264/1000000000
  dir 5100/5761: min 1000024264/1000000000, global 1000024264/1000000000
  dir 5160/5761: min 1000024264/1000000000, global 1000024264/1000000000
  dir 5220/5761: min 1000024264/1000000000, global 1000024264/1000000000
  dir 5280/5761: min 1000024264/1000000000, global 1000024264/1000000000
  dir 5340/5761: min 1000024264/1000000000, global 1000024264/1000000000
  dir 5400/5761: min 1000024264/1000000000, global 1000024264/1000000000
  dir 5460/5761: min 1000024264/1000000000, global 1000024264/1000000000
  dir 5520/5761: min 1000024264/1000000000, global 1000024264/1000000000
  dir 5580/5761: min 1000024264/1000000000, global 1000024264/1000000000
  dir 5640/5761: min 1000024264/1000000000, global 1000024264/1000000000
  dir 5700/5761: min 1000024264/1000000000, global 1000024264/1000000000
  dir 5760/5761: min 1000024264/1000000000, global 1000024264/1000000000
minimum score = 1000024264/1000000000 = 1.000024
CERTIFICATE: PASS -> s(17) >= 4613/1000 = 4.613000
RANGE_RESULT PASS 1000024264 1000000000
atoms = 1608, total = 16999995024/1000000000 = 16.999995
net = 23041, B(1+D) = 0.999867975341 (< 1: True)
  dir 5820/11522: min 1000024264/1000000000, global 1000024264/1000000000
  dir 5880/11522: min 1000024264/1000000000, global 1000024264/1000000000
  dir 5940/11522: min 1000024264/1000000000, global 1000024264/1000000000
  dir 6000/11522: min 1000024264/1000000000, global 1000024264/1000000000
  dir 6060/11522: min 1000024264/1000000000, global 1000024264/1000000000
  dir 6120/11522: min 1000024264/1000000000, global 1000024264/1000000000
  dir 6180/11522: min 1000024264/1000000000, global 1000024264/1000000000
  dir 6240/11522: min 1000024264/1000000000, global 1000024264/1000000000
  dir 6300/11522: min 1000024264/1000000000, global 1000024264/1000000000
  dir 6360/11522: min 1000024264/1000000000, global 1000024264/1000000000
  dir 6420/11522: min 1000024264/1000000000, global 1000024264/1000000000
  dir 6480/11522: min 1000024264/1000000000, global 1000024264/1000000000
  dir 6540/11522: min 1000024264/1000000000, global 1000024264/1000000000
  dir 6600/11522: min 1000024264/1000000000, global 1000024264/1000000000
  dir 6660/11522: min 1000024264/1000000000, global 1000024264/1000000000
  dir 6720/11522: min 1000024264/1000000000, global 1000024264/1000000000
  dir 6780/11522: min 1000024264/1000000000, global 1000024264/1000000000
  dir 6840/11522: min 1000024264/1000000000, global 1000024264/1000000000
  dir 6900/11522: min 1000024264/1000000000, global 1000024264/1000000000
  dir 6960/11522: min 1000024264/1000000000, global 1000024264/1000000000
  dir 7020/11522: min 1000024264/1000000000, global 1000024264/1000000000
  dir 7080/11522: min 1000024264/1000000000, global 1000024264/1000000000
  dir 7140/11522: min 1000024264/1000000000, global 1000024264/1000000000
  dir 7200/11522: min 1000024264/1000000000, global 1000024264/1000000000
  dir 7260/11522: min 1000024264/1000000000, global 1000024264/1000000000
  dir 7320/11522: min 1000024264/1000000000, global 1000024264/1000000000
  dir 7380/11522: min 1000024264/1000000000, global 1000024264/1000000000
  dir 7440/11522: min 1000024264/1000000000, global 1000024264/1000000000
  dir 7500/11522: min 1000024264/1000000000, global 1000024264/1000000000
  dir 7560/11522: min 1000024264/1000000000, global 1000024264/1000000000
  dir 7620/11522: min 1000024264/1000000000, global 1000024264/1000000000
  dir 7680/11522: min 1000024264/1000000000, global 1000024264/1000000000
  dir 7740/11522: min 1000024264/1000000000, global 1000024264/1000000000
  dir 7800/11522: min 1000024264/1000000000, global 1000024264/1000000000
  dir 7860/11522: min 1000024264/1000000000, global 1000000003/1000000000
  dir 7920/11522: min 1000024264/1000000000, global 1000000003/1000000000
  dir 7980/11522: min 1000024264/1000000000, global 1000000003/1000000000
  dir 8040/11522: min 1000024264/1000000000, global 1000000003/1000000000
  dir 8100/11522: min 1000024264/1000000000, global 1000000003/1000000000
  dir 8160/11522: min 1000024264/1000000000, global 1000000003/1000000000
  dir 8220/11522: min 1000024264/1000000000, global 1000000003/1000000000
  dir 8280/11522: min 1000024264/1000000000, global 1000000003/1000000000
  dir 8340/11522: min 1000024264/1000000000, global 1000000003/1000000000
  dir 8400/11522: min 1000024264/1000000000, global 1000000003/1000000000
  dir 8460/11522: min 1000024264/1000000000, global 1000000003/1000000000
  dir 8520/11522: min 1000024264/1000000000, global 1000000003/1000000000
  dir 8580/11522: min 1000024264/1000000000, global 1000000003/1000000000
  dir 8640/11522: min 1000024264/1000000000, global 1000000003/1000000000
  dir 8700/11522: min 1000024264/1000000000, global 1000000003/1000000000
  dir 8760/11522: min 1000024264/1000000000, global 1000000003/1000000000
  dir 8820/11522: min 1000024264/1000000000, global 1000000003/1000000000
  dir 8880/11522: min 1000024264/1000000000, global 1000000003/1000000000
  dir 8940/11522: min 1000024264/1000000000, global 1000000003/1000000000
  dir 9000/11522: min 1000024264/1000000000, global 1000000003/1000000000
  dir 9060/11522: min 1000024264/1000000000, global 1000000003/1000000000
  dir 9120/11522: min 1000024264/1000000000, global 1000000003/1000000000
  dir 9180/11522: min 1000024263/1000000000, global 1000000003/1000000000
  dir 9240/11522: min 1000024263/1000000000, global 1000000003/1000000000
  dir 9300/11522: min 1000024263/1000000000, global 1000000003/1000000000
  dir 9360/11522: min 1000024263/1000000000, global 1000000003/1000000000
  dir 9420/11522: min 1000024263/1000000000, global 1000000003/1000000000
  dir 9480/11522: min 1000024263/1000000000, global 1000000003/1000000000
  dir 9540/11522: min 1000024263/1000000000, global 1000000003/1000000000
  dir 9600/11522: min 1000024263/1000000000, global 1000000003/1000000000
  dir 9660/11522: min 1000024263/1000000000, global 1000000003/1000000000
  dir 9720/11522: min 1000024263/1000000000, global 1000000003/1000000000
  dir 9780/11522: min 1000024263/1000000000, global 1000000003/1000000000
  dir 9840/11522: min 1000024263/1000000000, global 1000000003/1000000000
  dir 9900/11522: min 1000024263/1000000000, global 1000000003/1000000000
  dir 9960/11522: min 1000024263/1000000000, global 1000000003/1000000000
  dir 10020/11522: min 1000024263/1000000000, global 1000000003/1000000000
  dir 10080/11522: min 1000024263/1000000000, global 1000000003/1000000000
  dir 10140/11522: min 1000024263/1000000000, global 1000000003/1000000000
  dir 10200/11522: min 1000024263/1000000000, global 1000000003/1000000000
  dir 10260/11522: min 1000024263/1000000000, global 1000000003/1000000000
  dir 10320/11522: min 1000024263/1000000000, global 1000000003/1000000000
  dir 10380/11522: min 1000024263/1000000000, global 1000000003/1000000000
  dir 10440/11522: min 1000024263/1000000000, global 1000000003/1000000000
  dir 10500/11522: min 1000024263/1000000000, global 1000000003/1000000000
  dir 10560/11522: min 1000024263/1000000000, global 1000000003/1000000000
  dir 10620/11522: min 1000024263/1000000000, global 1000000003/1000000000
  dir 10680/11522: min 1000024263/1000000000, global 1000000003/1000000000
  dir 10740/11522: min 1000024263/1000000000, global 1000000003/1000000000
  dir 10800/11522: min 1000024263/1000000000, global 1000000003/1000000000
  dir 10860/11522: min 1000024263/1000000000, global 1000000003/1000000000
  dir 10920/11522: min 1000024263/1000000000, global 1000000003/1000000000
  dir 10980/11522: min 1000000003/1000000000, global 1000000003/1000000000
  dir 11040/11522: min 1000000003/1000000000, global 1000000003/1000000000
  dir 11100/11522: min 1000000003/1000000000, global 1000000003/1000000000
  dir 11160/11522: min 1000000003/1000000000, global 1000000003/1000000000
  dir 11220/11522: min 1000000003/1000000000, global 1000000003/1000000000
  dir 11280/11522: min 1000000003/1000000000, global 1000000003/1000000000
  dir 11340/11522: min 1000000003/1000000000, global 1000000003/1000000000
  dir 11400/11522: min 1000000003/1000000000, global 1000000003/1000000000
  dir 11460/11522: min 1000000003/1000000000, global 1000000003/1000000000
  dir 11520/11522: min 1000000003/1000000000, global 1000000003/1000000000
minimum score = 1000000003/1000000000 = 1.000000
CERTIFICATE: PASS -> s(17) >= 4613/1000 = 4.613000
RANGE_RESULT PASS 1000000003 1000000000
atoms = 1608, total = 16999995024/1000000000 = 16.999995
net = 23041, B(1+D) = 0.999867975341 (< 1: True)
  dir 11580/17283: min 1000000003/1000000000, global 1000000003/1000000000
  dir 11640/17283: min 1000000003/1000000000, global 1000000003/1000000000
  dir 11700/17283: min 1000000003/1000000000, global 1000000003/1000000000
  dir 11760/17283: min 1000000003/1000000000, global 1000000003/1000000000
  dir 11820/17283: min 1000000003/1000000000, global 1000000003/1000000000
  dir 11880/17283: min 1000000003/1000000000, global 1000000003/1000000000
  dir 11940/17283: min 1000000002/1000000000, global 1000000002/1000000000
  dir 12000/17283: min 1000000002/1000000000, global 1000000002/1000000000
  dir 12060/17283: min 1000000002/1000000000, global 1000000002/1000000000
  dir 12120/17283: min 1000000002/1000000000, global 1000000002/1000000000
  dir 12180/17283: min 1000000002/1000000000, global 1000000002/1000000000
  dir 12240/17283: min 1000000002/1000000000, global 1000000002/1000000000
  dir 12300/17283: min 1000000002/1000000000, global 1000000002/1000000000
  dir 12360/17283: min 1000000002/1000000000, global 1000000002/1000000000
  dir 12420/17283: min 1000000002/1000000000, global 1000000002/1000000000
  dir 12480/17283: min 1000000002/1000000000, global 1000000002/1000000000
  dir 12540/17283: min 1000000002/1000000000, global 1000000002/1000000000
  dir 12600/17283: min 1000000002/1000000000, global 1000000002/1000000000
  dir 12660/17283: min 1000000002/1000000000, global 1000000002/1000000000
  dir 12720/17283: min 1000000002/1000000000, global 1000000002/1000000000
  dir 12780/17283: min 1000000002/1000000000, global 1000000002/1000000000
  dir 12840/17283: min 1000000002/1000000000, global 1000000002/1000000000
  dir 12900/17283: min 1000000002/1000000000, global 1000000002/1000000000
  dir 12960/17283: min 1000000002/1000000000, global 1000000002/1000000000
  dir 13020/17283: min 1000000002/1000000000, global 1000000002/1000000000
  dir 13080/17283: min 1000000002/1000000000, global 1000000002/1000000000
  dir 13140/17283: min 1000000002/1000000000, global 1000000002/1000000000
  dir 13200/17283: min 1000000002/1000000000, global 1000000002/1000000000
  dir 13260/17283: min 1000000002/1000000000, global 1000000002/1000000000
  dir 13320/17283: min 1000000002/1000000000, global 1000000002/1000000000
  dir 13380/17283: min 1000000002/1000000000, global 1000000002/1000000000
  dir 13440/17283: min 1000000002/1000000000, global 1000000002/1000000000
  dir 13500/17283: min 1000000002/1000000000, global 1000000002/1000000000
  dir 13560/17283: min 1000000002/1000000000, global 1000000002/1000000000
  dir 13620/17283: min 1000000002/1000000000, global 1000000002/1000000000
  dir 13680/17283: min 1000000002/1000000000, global 1000000002/1000000000
  dir 13740/17283: min 1000000002/1000000000, global 1000000002/1000000000
  dir 13800/17283: min 1000000002/1000000000, global 1000000002/1000000000
  dir 13860/17283: min 1000000002/1000000000, global 1000000002/1000000000
  dir 13920/17283: min 1000000002/1000000000, global 1000000002/1000000000
  dir 13980/17283: min 1000000002/1000000000, global 1000000002/1000000000
  dir 14040/17283: min 1000000002/1000000000, global 1000000002/1000000000
  dir 14100/17283: min 1000000002/1000000000, global 1000000002/1000000000
  dir 14160/17283: min 1000000002/1000000000, global 1000000002/1000000000
  dir 14220/17283: min 1000000002/1000000000, global 1000000002/1000000000
  dir 14280/17283: min 1000000002/1000000000, global 1000000002/1000000000
  dir 14340/17283: min 1000000002/1000000000, global 1000000002/1000000000
  dir 14400/17283: min 1000000002/1000000000, global 1000000002/1000000000
  dir 14460/17283: min 1000000002/1000000000, global 1000000002/1000000000
  dir 14520/17283: min 1000000002/1000000000, global 1000000002/1000000000
  dir 14580/17283: min 1000000002/1000000000, global 1000000002/1000000000
  dir 14640/17283: min 1000000002/1000000000, global 1000000002/1000000000
  dir 14700/17283: min 1000000002/1000000000, global 1000000002/1000000000
  dir 14760/17283: min 1000000002/1000000000, global 1000000002/1000000000
  dir 14820/17283: min 1000000002/1000000000, global 1000000002/1000000000
  dir 14880/17283: min 1000000002/1000000000, global 1000000002/1000000000
  dir 14940/17283: min 1000000002/1000000000, global 1000000002/1000000000
  dir 15000/17283: min 1000000002/1000000000, global 1000000002/1000000000
  dir 15060/17283: min 1000000002/1000000000, global 1000000002/1000000000
  dir 15120/17283: min 1000000002/1000000000, global 1000000002/1000000000
  dir 15180/17283: min 1000000002/1000000000, global 1000000002/1000000000
  dir 15240/17283: min 1000000002/1000000000, global 1000000002/1000000000
  dir 15300/17283: min 1000000002/1000000000, global 1000000002/1000000000
  dir 15360/17283: min 1000000002/1000000000, global 1000000002/1000000000
  dir 15420/17283: min 1000000002/1000000000, global 1000000002/1000000000
  dir 15480/17283: min 1000000002/1000000000, global 1000000002/1000000000
  dir 15540/17283: min 1000000002/1000000000, global 1000000002/1000000000
  dir 15600/17283: min 1000000002/1000000000, global 1000000002/1000000000
  dir 15660/17283: min 1000000002/1000000000, global 1000000002/1000000000
  dir 15720/17283: min 1000000002/1000000000, global 1000000002/1000000000
  dir 15780/17283: min 1000000003/1000000000, global 1000000002/1000000000
  dir 15840/17283: min 1000000003/1000000000, global 1000000002/1000000000
  dir 15900/17283: min 1000000003/1000000000, global 1000000002/1000000000
  dir 15960/17283: min 1000000003/1000000000, global 1000000002/1000000000
  dir 16020/17283: min 1000000003/1000000000, global 1000000002/1000000000
  dir 16080/17283: min 1000000003/1000000000, global 1000000002/1000000000
  dir 16140/17283: min 1000000003/1000000000, global 1000000002/1000000000
  dir 16200/17283: min 1000000003/1000000000, global 1000000002/1000000000
  dir 16260/17283: min 1000000003/1000000000, global 1000000002/1000000000
  dir 16320/17283: min 1000000003/1000000000, global 1000000002/1000000000
  dir 16380/17283: min 1000000003/1000000000, global 1000000002/1000000000
  dir 16440/17283: min 1000000003/1000000000, global 1000000002/1000000000
  dir 16500/17283: min 1000000003/1000000000, global 1000000002/1000000000
  dir 16560/17283: min 1000000003/1000000000, global 1000000002/1000000000
  dir 16620/17283: min 1000000003/1000000000, global 1000000002/1000000000
  dir 16680/17283: min 1000000003/1000000000, global 1000000002/1000000000
  dir 16740/17283: min 1000000003/1000000000, global 1000000002/1000000000
  dir 16800/17283: min 1000000003/1000000000, global 1000000002/1000000000
  dir 16860/17283: min 1000000003/1000000000, global 1000000002/1000000000
  dir 16920/17283: min 1000000003/1000000000, global 1000000002/1000000000
  dir 16980/17283: min 1000000003/1000000000, global 1000000002/1000000000
  dir 17040/17283: min 1000000003/1000000000, global 1000000002/1000000000
  dir 17100/17283: min 1000024264/1000000000, global 1000000002/1000000000
  dir 17160/17283: min 1000024264/1000000000, global 1000000002/1000000000
  dir 17220/17283: min 1000024264/1000000000, global 1000000002/1000000000
  dir 17280/17283: min 1000000002/1000000000, global 1000000002/1000000000
minimum score = 1000000002/1000000000 = 1.000000
CERTIFICATE: PASS -> s(17) >= 4613/1000 = 4.613000
RANGE_RESULT PASS 1000000002 1000000000
atoms = 1608, total = 16999995024/1000000000 = 16.999995
net = 23041, B(1+D) = 0.999867975341 (< 1: True)
  dir 17340/23041: min 1000000002/1000000000, global 1000000002/1000000000
  dir 17400/23041: min 1000000002/1000000000, global 1000000002/1000000000
  dir 17460/23041: min 1000000002/1000000000, global 1000000002/1000000000
  dir 17520/23041: min 1000000002/1000000000, global 1000000002/1000000000
  dir 17580/23041: min 1000000002/1000000000, global 1000000002/1000000000
  dir 17640/23041: min 1000000002/1000000000, global 1000000002/1000000000
  dir 17700/23041: min 1000000002/1000000000, global 1000000002/1000000000
  dir 17760/23041: min 1000000002/1000000000, global 1000000002/1000000000
  dir 17820/23041: min 1000000002/1000000000, global 1000000002/1000000000
  dir 17880/23041: min 1000000002/1000000000, global 1000000002/1000000000
  dir 17940/23041: min 1000000002/1000000000, global 1000000002/1000000000
  dir 18000/23041: min 1000000002/1000000000, global 1000000002/1000000000
  dir 18060/23041: min 1000000002/1000000000, global 1000000002/1000000000
  dir 18120/23041: min 1000000002/1000000000, global 1000000002/1000000000
  dir 18180/23041: min 1000000002/1000000000, global 1000000002/1000000000
  dir 18240/23041: min 1000000002/1000000000, global 1000000002/1000000000
  dir 18300/23041: min 1000000002/1000000000, global 1000000002/1000000000
  dir 18360/23041: min 1000000002/1000000000, global 1000000002/1000000000
  dir 18420/23041: min 1000000002/1000000000, global 1000000002/1000000000
  dir 18480/23041: min 1000000002/1000000000, global 1000000002/1000000000
  dir 18540/23041: min 1000000002/1000000000, global 1000000002/1000000000
  dir 18600/23041: min 1000000002/1000000000, global 1000000002/1000000000
  dir 18660/23041: min 1000000002/1000000000, global 1000000002/1000000000
  dir 18720/23041: min 1000000002/1000000000, global 1000000002/1000000000
  dir 18780/23041: min 1000000002/1000000000, global 1000000002/1000000000
  dir 18840/23041: min 1000000002/1000000000, global 1000000002/1000000000
  dir 18900/23041: min 1000000002/1000000000, global 1000000002/1000000000
  dir 18960/23041: min 1000000002/1000000000, global 1000000002/1000000000
  dir 19020/23041: min 1000000002/1000000000, global 1000000002/1000000000
  dir 19080/23041: min 1000000002/1000000000, global 1000000002/1000000000
  dir 19140/23041: min 1000000002/1000000000, global 1000000002/1000000000
  dir 19200/23041: min 1000000002/1000000000, global 1000000002/1000000000
  dir 19260/23041: min 1000000002/1000000000, global 1000000002/1000000000
  dir 19320/23041: min 1000000002/1000000000, global 1000000002/1000000000
  dir 19380/23041: min 1000000002/1000000000, global 1000000002/1000000000
  dir 19440/23041: min 1000000002/1000000000, global 1000000002/1000000000
  dir 19500/23041: min 1000000002/1000000000, global 1000000002/1000000000
  dir 19560/23041: min 1000000002/1000000000, global 1000000002/1000000000
  dir 19620/23041: min 1000000003/1000000000, global 1000000002/1000000000
  dir 19680/23041: min 1000000003/1000000000, global 1000000002/1000000000
  dir 19740/23041: min 1000000003/1000000000, global 1000000002/1000000000
  dir 19800/23041: min 1000000003/1000000000, global 1000000002/1000000000
  dir 19860/23041: min 1000000003/1000000000, global 1000000002/1000000000
  dir 19920/23041: min 1000000003/1000000000, global 1000000002/1000000000
  dir 19980/23041: min 1000000003/1000000000, global 1000000002/1000000000
  dir 20040/23041: min 1000000003/1000000000, global 1000000002/1000000000
  dir 20100/23041: min 1000000003/1000000000, global 1000000002/1000000000
  dir 20160/23041: min 1000000003/1000000000, global 1000000002/1000000000
  dir 20220/23041: min 1000000003/1000000000, global 1000000002/1000000000
  dir 20280/23041: min 1000000003/1000000000, global 1000000002/1000000000
  dir 20340/23041: min 1000000003/1000000000, global 1000000002/1000000000
  dir 20400/23041: min 1000000003/1000000000, global 1000000002/1000000000
  dir 20460/23041: min 1000000003/1000000000, global 1000000002/1000000000
  dir 20520/23041: min 1000000003/1000000000, global 1000000002/1000000000
  dir 20580/23041: min 1000000003/1000000000, global 1000000002/1000000000
  dir 20640/23041: min 1000000003/1000000000, global 1000000002/1000000000
  dir 20700/23041: min 1000000003/1000000000, global 1000000002/1000000000
  dir 20760/23041: min 1000000003/1000000000, global 1000000002/1000000000
  dir 20820/23041: min 1000000003/1000000000, global 1000000002/1000000000
  dir 20880/23041: min 1000000003/1000000000, global 1000000002/1000000000
  dir 20940/23041: min 1000000003/1000000000, global 1000000002/1000000000
  dir 21000/23041: min 1000000003/1000000000, global 1000000002/1000000000
  dir 21060/23041: min 1000000003/1000000000, global 1000000002/1000000000
  dir 21120/23041: min 1000000004/1000000000, global 1000000002/1000000000
  dir 21180/23041: min 1000000004/1000000000, global 1000000002/1000000000
  dir 21240/23041: min 1000000004/1000000000, global 1000000002/1000000000
  dir 21300/23041: min 1000000004/1000000000, global 1000000002/1000000000
  dir 21360/23041: min 1000000004/1000000000, global 1000000002/1000000000
  dir 21420/23041: min 1000000004/1000000000, global 1000000002/1000000000
  dir 21480/23041: min 1000000004/1000000000, global 1000000002/1000000000
  dir 21540/23041: min 1000000004/1000000000, global 1000000002/1000000000
  dir 21600/23041: min 1000000004/1000000000, global 1000000002/1000000000
  dir 21660/23041: min 1000000004/1000000000, global 1000000002/1000000000
  dir 21720/23041: min 1000000004/1000000000, global 1000000002/1000000000
  dir 21780/23041: min 1000000004/1000000000, global 1000000002/1000000000
  dir 21840/23041: min 1000000004/1000000000, global 1000000002/1000000000
  dir 21900/23041: min 1000000004/1000000000, global 1000000002/1000000000
  dir 21960/23041: min 1000000004/1000000000, global 1000000002/1000000000
  dir 22020/23041: min 1000000004/1000000000, global 1000000002/1000000000
  dir 22080/23041: min 1000000004/1000000000, global 1000000002/1000000000
  dir 22140/23041: min 1000000004/1000000000, global 1000000002/1000000000
  dir 22200/23041: min 1000000004/1000000000, global 1000000002/1000000000
  dir 22260/23041: min 1000000004/1000000000, global 1000000002/1000000000
  dir 22320/23041: min 1000000004/1000000000, global 1000000002/1000000000
  dir 22380/23041: min 1000000004/1000000000, global 1000000002/1000000000
  dir 22440/23041: min 1000000004/1000000000, global 1000000002/1000000000
  dir 22500/23041: min 1000000004/1000000000, global 1000000002/1000000000
  dir 22560/23041: min 1000000004/1000000000, global 1000000002/1000000000
  dir 22620/23041: min 1000000004/1000000000, global 1000000002/1000000000
  dir 22680/23041: min 1000000004/1000000000, global 1000000002/1000000000
  dir 22740/23041: min 1000000004/1000000000, global 1000000002/1000000000
  dir 22800/23041: min 1000000005/1000000000, global 1000000002/1000000000
  dir 22860/23041: min 1000000005/1000000000, global 1000000002/1000000000
  dir 22920/23041: min 1000000005/1000000000, global 1000000002/1000000000
  dir 22980/23041: min 1000000005/1000000000, global 1000000002/1000000000
  dir 23040/23041: min 1000000005/1000000000, global 1000000002/1000000000
minimum score = 1000000002/1000000000 = 1.000000
CERTIFICATE: PASS -> s(17) >= 4613/1000 = 4.613000
RANGE_RESULT PASS 1000000002 1000000000
combined: PASS, min score 1000000002/1000000000
