atoms = 387, total = 16999900220/1000000000 = 16.999900
net = 5761, B(1+D) = 0.999871897770 (< 1: True)
  dir 0/1921: min 1001219080/1000000000, global 1001219080/1000000000
  dir 60/1921: min 1001219080/1000000000, global 1001219080/1000000000
  dir 120/1921: min 1001219080/1000000000, global 1001219080/1000000000
  dir 180/1921: min 1001219080/1000000000, global 1001219080/1000000000
  dir 240/1921: min 1001219080/1000000000, global 1001219080/1000000000
  dir 300/1921: min 1001219080/1000000000, global 1001219080/1000000000
  dir 360/1921: min 1001219080/1000000000, global 1001219080/1000000000
  dir 420/1921: min 1001219080/1000000000, global 1001219080/1000000000
  dir 480/1921: min 1001219080/1000000000, global 1001219080/1000000000
  dir 540/1921: min 1001219080/1000000000, global 1001219080/1000000000
  dir 600/1921: min 1001219080/1000000000, global 1001219080/1000000000
  dir 660/1921: min 1001219080/1000000000, global 1001219080/1000000000
  dir 720/1921: min 1001219080/1000000000, global 1001219080/1000000000
  dir 780/1921: min 1001219080/1000000000, global 1001219080/1000000000
  dir 840/1921: min 1001219080/1000000000, global 1001219080/1000000000
  dir 900/1921: min 1001219080/1000000000, global 1001219080/1000000000
  dir 960/1921: min 1001219080/1000000000, global 1001219080/1000000000
  dir 1020/1921: min 1001219080/1000000000, global 1001219080/1000000000
  dir 1080/1921: min 1001219080/1000000000, global 1001219080/1000000000
  dir 1140/1921: min 1001219080/1000000000, global 1001219080/1000000000
  dir 1200/1921: min 1001219080/1000000000, global 1001219080/1000000000
  dir 1260/1921: min 1001219080/1000000000, global 1001219080/1000000000
  dir 1320/1921: min 1001219080/1000000000, global 1001219080/1000000000
  dir 1380/1921: min 1001219080/1000000000, global 1001219080/1000000000
  dir 1440/1921: min 1001219080/1000000000, global 1001219080/1000000000
  dir 1500/1921: min 1001219080/1000000000, global 1001219080/1000000000
  dir 1560/1921: min 1001219080/1000000000, global 1001219080/1000000000
  dir 1620/1921: min 1001219080/1000000000, global 1001219080/1000000000
  dir 1680/1921: min 1001219080/1000000000, global 1001219080/1000000000
  dir 1740/1921: min 1001219080/1000000000, global 1001219080/1000000000
  dir 1800/1921: min 1001219080/1000000000, global 1001219080/1000000000
  dir 1860/1921: min 1001219080/1000000000, global 1001219080/1000000000
  dir 1920/1921: min 1001219080/1000000000, global 1001219080/1000000000
minimum score = 1001219080/1000000000 = 1.001219
CERTIFICATE: PASS -> s(17) >= 46131/10000 = 4.613100
RANGE_RESULT PASS 1001219080 1000000000
atoms = 387, total = 16999900220/1000000000 = 16.999900
net = 5761, B(1+D) = 0.999871897770 (< 1: True)
  dir 1980/3842: min 1001219080/1000000000, global 1001219080/1000000000
  dir 2040/3842: min 1001219080/1000000000, global 1001219080/1000000000
  dir 2100/3842: min 1001219080/1000000000, global 1001219080/1000000000
  dir 2160/3842: min 1001219080/1000000000, global 1001219080/1000000000
  dir 2220/3842: min 1001219080/1000000000, global 1001219080/1000000000
  dir 2280/3842: min 1001219080/1000000000, global 1001219080/1000000000
  dir 2340/3842: min 1001219080/1000000000, global 1001219080/1000000000
  dir 2400/3842: min 1001219080/1000000000, global 1001219080/1000000000
  dir 2460/3842: min 1001219080/1000000000, global 1001219080/1000000000
  dir 2520/3842: min 1001219080/1000000000, global 1001219080/1000000000
  dir 2580/3842: min 1001219080/1000000000, global 1001219080/1000000000
  dir 2640/3842: min 1000222750/1000000000, global 1000222750/1000000000
  dir 2700/3842: min 1001219080/1000000000, global 1000222750/1000000000
  dir 2760/3842: min 1001219080/1000000000, global 1000222750/1000000000
  dir 2820/3842: min 1001219080/1000000000, global 1000222750/1000000000
  dir 2880/3842: min 1001219080/1000000000, global 1000222750/1000000000
  dir 2940/3842: min 1001219080/1000000000, global 1000222750/1000000000
  dir 3000/3842: min 1001219080/1000000000, global 1000222750/1000000000
  dir 3060/3842: min 1001219080/1000000000, global 1000222750/1000000000
  dir 3120/3842: min 1001219080/1000000000, global 1000222750/1000000000
  dir 3180/3842: min 1001219080/1000000000, global 1000222750/1000000000
  dir 3240/3842: min 1001219080/1000000000, global 1000222750/1000000000
  dir 3300/3842: min 1001219080/1000000000, global 1000222750/1000000000
  dir 3360/3842: min 1001219080/1000000000, global 1000222750/1000000000
  dir 3420/3842: min 1001219080/1000000000, global 1000222750/1000000000
  dir 3480/3842: min 1001219080/1000000000, global 1000222750/1000000000
  dir 3540/3842: min 1001219080/1000000000, global 1000222750/1000000000
  dir 3600/3842: min 1001219080/1000000000, global 1000222750/1000000000
  dir 3660/3842: min 1001219080/1000000000, global 1000222750/1000000000
  dir 3720/3842: min 1001219080/1000000000, global 1000222750/1000000000
  dir 3780/3842: min 1001219080/1000000000, global 1000222750/1000000000
  dir 3840/3842: min 1001219080/1000000000, global 1000222750/1000000000
minimum score = 1000222750/1000000000 = 1.000223
CERTIFICATE: PASS -> s(17) >= 46131/10000 = 4.613100
RANGE_RESULT PASS 1000222750 1000000000
atoms = 387, total = 16999900220/1000000000 = 16.999900
net = 5761, B(1+D) = 0.999871897770 (< 1: True)
  dir 3900/5761: min 1001219080/1000000000, global 1001219080/1000000000
  dir 3960/5761: min 1001219080/1000000000, global 1001219080/1000000000
  dir 4020/5761: min 1001219080/1000000000, global 1001219080/1000000000
  dir 4080/5761: min 1001219080/1000000000, global 1001219080/1000000000
  dir 4140/5761: min 1001219080/1000000000, global 1001219080/1000000000
  dir 4200/5761: min 1001219080/1000000000, global 1001219080/1000000000
  dir 4260/5761: min 1001219080/1000000000, global 1001219080/1000000000
  dir 4320/5761: min 1001219080/1000000000, global 1001219080/1000000000
  dir 4380/5761: min 1001219080/1000000000, global 1001219080/1000000000
  dir 4440/5761: min 1001219080/1000000000, global 1001219080/1000000000
  dir 4500/5761: min 1001219080/1000000000, global 1001219080/1000000000
  dir 4560/5761: min 1001219080/1000000000, global 1001219080/1000000000
  dir 4620/5761: min 1001219080/1000000000, global 1001219080/1000000000
  dir 4680/5761: min 1001219080/1000000000, global 1001219080/1000000000
  dir 4740/5761: min 1001219080/1000000000, global 1001219080/1000000000
  dir 4800/5761: min 1001219080/1000000000, global 1001219080/1000000000
  dir 4860/5761: min 1001219080/1000000000, global 1001219080/1000000000
  dir 4920/5761: min 1001219080/1000000000, global 1001219080/1000000000
  dir 4980/5761: min 1001219080/1000000000, global 1001219080/1000000000
  dir 5040/5761: min 1001219080/1000000000, global 1001219080/1000000000
  dir 5100/5761: min 1001219080/1000000000, global 1001219080/1000000000
  dir 5160/5761: min 1001219080/1000000000, global 1001219080/1000000000
  dir 5220/5761: min 1001219080/1000000000, global 1001219080/1000000000
  dir 5280/5761: min 1001219080/1000000000, global 1001219080/1000000000
  dir 5340/5761: min 1001219080/1000000000, global 1001219080/1000000000
  dir 5400/5761: min 1001219080/1000000000, global 1001219080/1000000000
  dir 5460/5761: min 1001219080/1000000000, global 1001219080/1000000000
  dir 5520/5761: min 1001219080/1000000000, global 1001219080/1000000000
  dir 5580/5761: min 1001219080/1000000000, global 1001219080/1000000000
  dir 5640/5761: min 1001219080/1000000000, global 1001219080/1000000000
  dir 5700/5761: min 1001219080/1000000000, global 1001219080/1000000000
  dir 5760/5761: min 1001219080/1000000000, global 1001219080/1000000000
minimum score = 1001219080/1000000000 = 1.001219
CERTIFICATE: PASS -> s(17) >= 46131/10000 = 4.613100
RANGE_RESULT PASS 1001219080 1000000000
combined: PASS, min score 1000222750/1000000000
