atoms = 387, total = 16999900220/1000000000 = 16.999900
net = 46081, B(1+D) = 0.999808987221 (< 1: True)
  dir 0/11521: min 1001219080/1000000000, global 1001219080/1000000000
  dir 60/11521: min 1001219080/1000000000, global 1001219080/1000000000
  dir 120/11521: min 1001219080/1000000000, global 1001219080/1000000000
  dir 180/11521: min 1001219080/1000000000, global 1001219080/1000000000
  dir 240/11521: min 1001219080/1000000000, global 1001219080/1000000000
  dir 300/11521: min 1001219080/1000000000, global 1001219080/1000000000
  dir 360/11521: min 1001219080/1000000000, global 1001219080/1000000000
  dir 420/11521: min 1001219080/1000000000, global 1001219080/1000000000
  dir 480/11521: min 1001219080/1000000000, global 1001219080/1000000000
  dir 540/11521: min 1001219080/1000000000, global 1001219080/1000000000
  dir 600/11521: min 1001219080/1000000000, global 1001219080/1000000000
  dir 660/11521: min 1001219080/1000000000, global 1001219080/1000000000
  dir 720/11521: min 1001219080/1000000000, global 1001219080/1000000000
  dir 780/11521: min 1001219080/1000000000, global 1001219080/1000000000
  dir 840/11521: min 1001219080/1000000000, global 1001219080/1000000000
  dir 900/11521: min 1001219080/1000000000, global 1001219080/1000000000
  dir 960/11521: min 1001219080/1000000000, global 1001219080/1000000000
  dir 1020/11521: min 1001219080/1000000000, global 1001219080/1000000000
  dir 1080/11521: min 1001219080/1000000000, global 1001219080/1000000000
  dir 1140/11521: min 1001219080/1000000000, global 1001219080/1000000000
  dir 1200/11521: min 1001219080/1000000000, global 1001219080/1000000000
  dir 1260/11521: min 1001219080/1000000000, global 1001219080/1000000000
  dir 1320/11521: min 1001219080/1000000000, global 1001219080/1000000000
  dir 1380/11521: min 1001219080/1000000000, global 1001219080/1000000000
  dir 1440/11521: min 1001219080/1000000000, global 1001219080/1000000000
  dir 1500/11521: min 1001219080/1000000000, global 1001219080/1000000000
  dir 1560/11521: min 1001219080/1000000000, global 1001219080/1000000000
  dir 1620/11521: min 1001219080/1000000000, global 1001219080/1000000000
  dir 1680/11521: min 1001219080/1000000000, global 1001219080/1000000000
  dir 1740/11521: min 1001219080/1000000000, global 1001219080/1000000000
  dir 1800/11521: min 1001219080/1000000000, global 1001219080/1000000000
  dir 1860/11521: min 1001219080/1000000000, global 1001219080/1000000000
  dir 1920/11521: min 1001219080/1000000000, global 1001219080/1000000000
  dir 1980/11521: min 1001219080/1000000000, global 1001219080/1000000000
  dir 2040/11521: min 1001219080/1000000000, global 1001219080/1000000000
  dir 2100/11521: min 1001219080/1000000000, global 1001219080/1000000000
  dir 2160/11521: min 1001219080/1000000000, global 1001219080/1000000000
  dir 2220/11521: min 1001219080/1000000000, global 1001219080/1000000000
  dir 2280/11521: min 1001219080/1000000000, global 1001219080/1000000000
  dir 2340/11521: min 1001219080/1000000000, global 1001219080/1000000000
  dir 2400/11521: min 1001219080/1000000000, global 1001219080/1000000000
  dir 2460/11521: min 1001219080/1000000000, global 1001219080/1000000000
  dir 2520/11521: min 1001219080/1000000000, global 1001219080/1000000000
  dir 2580/11521: min 1001219080/1000000000, global 1001219080/1000000000
  dir 2640/11521: min 1001219080/1000000000, global 1001219080/1000000000
  dir 2700/11521: min 1001219080/1000000000, global 1001219080/1000000000
  dir 2760/11521: min 1001219080/1000000000, global 1001219080/1000000000
  dir 2820/11521: min 1001219080/1000000000, global 1001219080/1000000000
  dir 2880/11521: min 1001219080/1000000000, global 1001219080/1000000000
  dir 2940/11521: min 1001219080/1000000000, global 1001219080/1000000000
  dir 3000/11521: min 1001219080/1000000000, global 1001219080/1000000000
  dir 3060/11521: min 1001219080/1000000000, global 1001219080/1000000000
  dir 3120/11521: min 1001219080/1000000000, global 1001219080/1000000000
  dir 3180/11521: min 1001219080/1000000000, global 1001219080/1000000000
  dir 3240/11521: min 1001219080/1000000000, global 1001219080/1000000000
  dir 3300/11521: min 1001219080/1000000000, global 1001219080/1000000000
  dir 3360/11521: min 1001219080/1000000000, global 1001219080/1000000000
  dir 3420/11521: min 1001219080/1000000000, global 1001219080/1000000000
  dir 3480/11521: min 1001219080/1000000000, global 1001219080/1000000000
  dir 3540/11521: min 1001219080/1000000000, global 1001219080/1000000000
  dir 3600/11521: min 1001219080/1000000000, global 1001219080/1000000000
  dir 3660/11521: min 1001219080/1000000000, global 1001219080/1000000000
  dir 3720/11521: min 1001219080/1000000000, global 1001219080/1000000000
  dir 3780/11521: min 1001219080/1000000000, global 1001219080/1000000000
  dir 3840/11521: min 1001219080/1000000000, global 1001219080/1000000000
  dir 3900/11521: min 1001219080/1000000000, global 1001219080/1000000000
  dir 3960/11521: min 1001219080/1000000000, global 1001219080/1000000000
  dir 4020/11521: min 1001219080/1000000000, global 1001219080/1000000000
  dir 4080/11521: min 1001219080/1000000000, global 1001219080/1000000000
  dir 4140/11521: min 1001219080/1000000000, global 1001219080/1000000000
  dir 4200/11521: min 1001219080/1000000000, global 1001219080/1000000000
  dir 4260/11521: min 1001219080/1000000000, global 1001219080/1000000000
  dir 4320/11521: min 1001219080/1000000000, global 1001219080/1000000000
  dir 4380/11521: min 1001219080/1000000000, global 1001219080/1000000000
  dir 4440/11521: min 1001219080/1000000000, global 1001219080/1000000000
  dir 4500/11521: min 1001219080/1000000000, global 1001219080/1000000000
  dir 4560/11521: min 1001219080/1000000000, global 1001219080/1000000000
  dir 4620/11521: min 1001219080/1000000000, global 1001219080/1000000000
  dir 4680/11521: min 1001219080/1000000000, global 1001219080/1000000000
  dir 4740/11521: min 1001219080/1000000000, global 1001219080/1000000000
  dir 4800/11521: min 1001219080/1000000000, global 1001219080/1000000000
  dir 4860/11521: min 1001219080/1000000000, global 1001219080/1000000000
  dir 4920/11521: min 1001219080/1000000000, global 1001219080/1000000000
  dir 4980/11521: min 1001219080/1000000000, global 1001219080/1000000000
  dir 5040/11521: min 1001219080/1000000000, global 1001219080/1000000000
  dir 5100/11521: min 1001219080/1000000000, global 1001219080/1000000000
  dir 5160/11521: min 1001219080/1000000000, global 1001219080/1000000000
  dir 5220/11521: min 1001219080/1000000000, global 1001219080/1000000000
  dir 5280/11521: min 1001219080/1000000000, global 1001219080/1000000000
  dir 5340/11521: min 1001219080/1000000000, global 1001219080/1000000000
  dir 5400/11521: min 1001219080/1000000000, global 1001219080/1000000000
  dir 5460/11521: min 1001219080/1000000000, global 1001219080/1000000000
  dir 5520/11521: min 1001219080/1000000000, global 1001219080/1000000000
  dir 5580/11521: min 1001219080/1000000000, global 1001219080/1000000000
  dir 5640/11521: min 1001219080/1000000000, global 1001219080/1000000000
  dir 5700/11521: min 1001219080/1000000000, global 1001219080/1000000000
  dir 5760/11521: min 1001219080/1000000000, global 1001219080/1000000000
  dir 5820/11521: min 1001219080/1000000000, global 1001219080/1000000000
  dir 5880/11521: min 1001219080/1000000000, global 1001219080/1000000000
  dir 5940/11521: min 1001219080/1000000000, global 1001219080/1000000000
  dir 6000/11521: min 1001219080/1000000000, global 1001219080/1000000000
  dir 6060/11521: min 1001219080/1000000000, global 1001219080/1000000000
  dir 6120/11521: min 1001219080/1000000000, global 1001219080/1000000000
  dir 6180/11521: min 1001219080/1000000000, global 1001219080/1000000000
  dir 6240/11521: min 1001219080/1000000000, global 1001219080/1000000000
  dir 6300/11521: min 1001219080/1000000000, global 1001219080/1000000000
  dir 6360/11521: min 1001219080/1000000000, global 1001219080/1000000000
  dir 6420/11521: min 1001219080/1000000000, global 1001219080/1000000000
  dir 6480/11521: min 1001219080/1000000000, global 1001219080/1000000000
  dir 6540/11521: min 1001219080/1000000000, global 1001219080/1000000000
  dir 6600/11521: min 1001219080/1000000000, global 1001219080/1000000000
  dir 6660/11521: min 1001219080/1000000000, global 1001219080/1000000000
  dir 6720/11521: min 1001219080/1000000000, global 1001219080/1000000000
  dir 6780/11521: min 1001219080/1000000000, global 1001219080/1000000000
  dir 6840/11521: min 1001219080/1000000000, global 1001219080/1000000000
  dir 6900/11521: min 1001219080/1000000000, global 1001219080/1000000000
  dir 6960/11521: min 1001219080/1000000000, global 1001219080/1000000000
  dir 7020/11521: min 1001219080/1000000000, global 1001219080/1000000000
  dir 7080/11521: min 1001219080/1000000000, global 1001219080/1000000000
  dir 7140/11521: min 1001219080/1000000000, global 1001219080/1000000000
  dir 7200/11521: min 1001219080/1000000000, global 1001219080/1000000000
  dir 7260/11521: min 1001219080/1000000000, global 1001219080/1000000000
  dir 7320/11521: min 1001219080/1000000000, global 1001219080/1000000000
  dir 7380/11521: min 1001219080/1000000000, global 1001219080/1000000000
  dir 7440/11521: min 1001219080/1000000000, global 1001219080/1000000000
  dir 7500/11521: min 1001219080/1000000000, global 1001219080/1000000000
  dir 7560/11521: min 1001219080/1000000000, global 1001219080/1000000000
  dir 7620/11521: min 1001219080/1000000000, global 1001219080/1000000000
  dir 7680/11521: min 1001219080/1000000000, global 1001219080/1000000000
  dir 7740/11521: min 1001219080/1000000000, global 1001219080/1000000000
  dir 7800/11521: min 1001219080/1000000000, global 1001219080/1000000000
  dir 7860/11521: min 1001219080/1000000000, global 1001219080/1000000000
  dir 7920/11521: min 1001219080/1000000000, global 1001219080/1000000000
  dir 7980/11521: min 1001219080/1000000000, global 1001219080/1000000000
  dir 8040/11521: min 1001219080/1000000000, global 1001219080/1000000000
  dir 8100/11521: min 1001219080/1000000000, global 1001219080/1000000000
  dir 8160/11521: min 1001219080/1000000000, global 1001219080/1000000000
  dir 8220/11521: min 1001219080/1000000000, global 1001219080/1000000000
  dir 8280/11521: min 1001219080/1000000000, global 1001219080/1000000000
  dir 8340/11521: min 1001219080/1000000000, global 1001219080/1000000000
  dir 8400/11521: min 1001219080/1000000000, global 1001219080/1000000000
  dir 8460/11521: min 1001219080/1000000000, global 1001219080/1000000000
  dir 8520/11521: min 1001219080/1000000000, global 1001219080/1000000000
  dir 8580/11521: min 1001219080/1000000000, global 1001219080/1000000000
  dir 8640/11521: min 1001219080/1000000000, global 1001219080/1000000000
  dir 8700/11521: min 1001219080/1000000000, global 1001219080/1000000000
  dir 8760/11521: min 1001219080/1000000000, global 1001219080/1000000000
  dir 8820/11521: min 1001219080/1000000000, global 1001219080/1000000000
  dir 8880/11521: min 1001219080/1000000000, global 1001219080/1000000000
  dir 8940/11521: min 1001219080/1000000000, global 1001219080/1000000000
  dir 9000/11521: min 1001219080/1000000000, global 1001219080/1000000000
  dir 9060/11521: min 1001219080/1000000000, global 1001219080/1000000000
  dir 9120/11521: min 1001219080/1000000000, global 1001219080/1000000000
  dir 9180/11521: min 1001219080/1000000000, global 1001219080/1000000000
  dir 9240/11521: min 1001219080/1000000000, global 1001219080/1000000000
  dir 9300/11521: min 1001219080/1000000000, global 1001219080/1000000000
  dir 9360/11521: min 1001219080/1000000000, global 1001219080/1000000000
  dir 9420/11521: min 1001219080/1000000000, global 1001219080/1000000000
  dir 9480/11521: min 1001219080/1000000000, global 1001219080/1000000000
  dir 9540/11521: min 1001219080/1000000000, global 1001219080/1000000000
  dir 9600/11521: min 1001219080/1000000000, global 1001219080/1000000000
  dir 9660/11521: min 1001219080/1000000000, global 1001219080/1000000000
  dir 9720/11521: min 1001219080/1000000000, global 1001219080/1000000000
  dir 9780/11521: min 1001219080/1000000000, global 1001219080/1000000000
  dir 9840/11521: min 1001219080/1000000000, global 1001219080/1000000000
  dir 9900/11521: min 1001219080/1000000000, global 1001219080/1000000000
  dir 9960/11521: min 1001219080/1000000000, global 1001219080/1000000000
  dir 10020/11521: min 1001219080/1000000000, global 1001219080/1000000000
  dir 10080/11521: min 1001219080/1000000000, global 1001219080/1000000000
  dir 10140/11521: min 1001219080/1000000000, global 1001219080/1000000000
  dir 10200/11521: min 1001219080/1000000000, global 1001219080/1000000000
  dir 10260/11521: min 1001219080/1000000000, global 1001219080/1000000000
  dir 10320/11521: min 1001219080/1000000000, global 1001219080/1000000000
  dir 10380/11521: min 1001219080/1000000000, global 1001219080/1000000000
  dir 10440/11521: min 1001219080/1000000000, global 1001219080/1000000000
  dir 10500/11521: min 1001219080/1000000000, global 1001219080/1000000000
  dir 10560/11521: min 1001219080/1000000000, global 1001219080/1000000000
  dir 10620/11521: min 1001219080/1000000000, global 1001219080/1000000000
  dir 10680/11521: min 1001219080/1000000000, global 1001219080/1000000000
  dir 10740/11521: min 1001219080/1000000000, global 1001219080/1000000000
  dir 10800/11521: min 1001219080/1000000000, global 1001219080/1000000000
  dir 10860/11521: min 1001219080/1000000000, global 1001219080/1000000000
  dir 10920/11521: min 1001219080/1000000000, global 1001219080/1000000000
  dir 10980/11521: min 1001219080/1000000000, global 1001219080/1000000000
  dir 11040/11521: min 1001219080/1000000000, global 1001219080/1000000000
  dir 11100/11521: min 1001219080/1000000000, global 1001219080/1000000000
  dir 11160/11521: min 1001219080/1000000000, global 1001219080/1000000000
  dir 11220/11521: min 1001219080/1000000000, global 1001219080/1000000000
  dir 11280/11521: min 1001219080/1000000000, global 1001219080/1000000000
  dir 11340/11521: min 1001219080/1000000000, global 1001219080/1000000000
  dir 11400/11521: min 1001219080/1000000000, global 1001219080/1000000000
  dir 11460/11521: min 1001219080/1000000000, global 1001219080/1000000000
  dir 11520/11521: min 1001219080/1000000000, global 1001219080/1000000000
minimum score = 1001219080/1000000000 = 1.001219
CERTIFICATE: PASS -> s(17) >= 922621/200000 = 4.613105
RANGE_RESULT PASS 1001219080 1000000000
atoms = 387, total = 16999900220/1000000000 = 16.999900
net = 46081, B(1+D) = 0.999808987221 (< 1: True)
  dir 11580/23042: min 1001219080/1000000000, global 1001219080/1000000000
  dir 11640/23042: min 1001219080/1000000000, global 1001219080/1000000000
  dir 11700/23042: min 1001219080/1000000000, global 1001219080/1000000000
  dir 11760/23042: min 1001219080/1000000000, global 1001219080/1000000000
  dir 11820/23042: min 1001219080/1000000000, global 1001219080/1000000000
  dir 11880/23042: min 1001219080/1000000000, global 1001219080/1000000000
  dir 11940/23042: min 1001219080/1000000000, global 1001219080/1000000000
  dir 12000/23042: min 1001219080/1000000000, global 1001219080/1000000000
  dir 12060/23042: min 1001219080/1000000000, global 1001219080/1000000000
  dir 12120/23042: min 1001219080/1000000000, global 1001219080/1000000000
  dir 12180/23042: min 1001219080/1000000000, global 1001219080/1000000000
  dir 12240/23042: min 1001219080/1000000000, global 1001219080/1000000000
  dir 12300/23042: min 1001219080/1000000000, global 1001219080/1000000000
  dir 12360/23042: min 1001219080/1000000000, global 1001219080/1000000000
  dir 12420/23042: min 1001219080/1000000000, global 1001219080/1000000000
  dir 12480/23042: min 1001219080/1000000000, global 1001219080/1000000000
  dir 12540/23042: min 1001219080/1000000000, global 1001219080/1000000000
  dir 12600/23042: min 1001219080/1000000000, global 1001219080/1000000000
  dir 12660/23042: min 1001219080/1000000000, global 1001219080/1000000000
  dir 12720/23042: min 1001219080/1000000000, global 1001219080/1000000000
  dir 12780/23042: min 1001219080/1000000000, global 1001219080/1000000000
  dir 12840/23042: min 1001219080/1000000000, global 1001219080/1000000000
  dir 12900/23042: min 1001219080/1000000000, global 1001219080/1000000000
  dir 12960/23042: min 1001219080/1000000000, global 1001219080/1000000000
  dir 13020/23042: min 1001219080/1000000000, global 1001219080/1000000000
  dir 13080/23042: min 1001219080/1000000000, global 1001219080/1000000000
  dir 13140/23042: min 1001219080/1000000000, global 1001219080/1000000000
  dir 13200/23042: min 1001219080/1000000000, global 1001219080/1000000000
  dir 13260/23042: min 1001219080/1000000000, global 1001219080/1000000000
  dir 13320/23042: min 1001219080/1000000000, global 1001219080/1000000000
  dir 13380/23042: min 1001219080/1000000000, global 1001219080/1000000000
  dir 13440/23042: min 1001219080/1000000000, global 1001219080/1000000000
  dir 13500/23042: min 1001219080/1000000000, global 1001219080/1000000000
  dir 13560/23042: min 1001219080/1000000000, global 1001219080/1000000000
  dir 13620/23042: min 1001219080/1000000000, global 1001219080/1000000000
  dir 13680/23042: min 1001219080/1000000000, global 1001219080/1000000000
  dir 13740/23042: min 1001219080/1000000000, global 1001219080/1000000000
  dir 13800/23042: min 1001219080/1000000000, global 1001219080/1000000000
  dir 13860/23042: min 1001219080/1000000000, global 1001219080/1000000000
  dir 13920/23042: min 1001219080/1000000000, global 1001219080/1000000000
  dir 13980/23042: min 1001219080/1000000000, global 1001219080/1000000000
  dir 14040/23042: min 1001219080/1000000000, global 1001219080/1000000000
  dir 14100/23042: min 1001219080/1000000000, global 1001219080/1000000000
  dir 14160/23042: min 1001219080/1000000000, global 1001219080/1000000000
  dir 14220/23042: min 1001219080/1000000000, global 1001219080/1000000000
  dir 14280/23042: min 1001219080/1000000000, global 1001219080/1000000000
  dir 14340/23042: min 1001219080/1000000000, global 1001219080/1000000000
  dir 14400/23042: min 1001219080/1000000000, global 1001219080/1000000000
  dir 14460/23042: min 1001219080/1000000000, global 1001219080/1000000000
  dir 14520/23042: min 1001219080/1000000000, global 1001219080/1000000000
  dir 14580/23042: min 1001219080/1000000000, global 1001219080/1000000000
  dir 14640/23042: min 1001219080/1000000000, global 1001219080/1000000000
  dir 14700/23042: min 1001219080/1000000000, global 1001219080/1000000000
  dir 14760/23042: min 1001219080/1000000000, global 1001219080/1000000000
  dir 14820/23042: min 1001219080/1000000000, global 1001219080/1000000000
  dir 14880/23042: min 1001219080/1000000000, global 1001219080/1000000000
  dir 14940/23042: min 1001219080/1000000000, global 1001219080/1000000000
  dir 15000/23042: min 1001219080/1000000000, global 1001219080/1000000000
  dir 15060/23042: min 1001219080/1000000000, global 1001219080/1000000000
  dir 15120/23042: min 1001219080/1000000000, global 1001219080/1000000000
  dir 15180/23042: min 1001219080/1000000000, global 1001219080/1000000000
  dir 15240/23042: min 1001219080/1000000000, global 1001219080/1000000000
  dir 15300/23042: min 1001219080/1000000000, global 1001219080/1000000000
  dir 15360/23042: min 1001219080/1000000000, global 1001219080/1000000000
  dir 15420/23042: min 1001219080/1000000000, global 1001219080/1000000000
  dir 15480/23042: min 1001219080/1000000000, global 1001219080/1000000000
  dir 15540/23042: min 1001219080/1000000000, global 1001219080/1000000000
  dir 15600/23042: min 1001219080/1000000000, global 1001219080/1000000000
  dir 15660/23042: min 1001219080/1000000000, global 1001219080/1000000000
  dir 15720/23042: min 1001219080/1000000000, global 1001219080/1000000000
  dir 15780/23042: min 1001219080/1000000000, global 1001219080/1000000000
  dir 15840/23042: min 1001219080/1000000000, global 1001219080/1000000000
  dir 15900/23042: min 1001219080/1000000000, global 1001219080/1000000000
  dir 15960/23042: min 1001219080/1000000000, global 1001219080/1000000000
  dir 16020/23042: min 1001219080/1000000000, global 1001219080/1000000000
  dir 16080/23042: min 1001219080/1000000000, global 1001219080/1000000000
  dir 16140/23042: min 1001219080/1000000000, global 1001219080/1000000000
  dir 16200/23042: min 1001219080/1000000000, global 1001219080/1000000000
  dir 16260/23042: min 1001219080/1000000000, global 1001219080/1000000000
  dir 16320/23042: min 1001219080/1000000000, global 1001219080/1000000000
  dir 16380/23042: min 1001219080/1000000000, global 1001219080/1000000000
  dir 16440/23042: min 1001219080/1000000000, global 1001219080/1000000000
  dir 16500/23042: min 1001219080/1000000000, global 1001219080/1000000000
  dir 16560/23042: min 1001219080/1000000000, global 1001219080/1000000000
  dir 16620/23042: min 1001219080/1000000000, global 1001219080/1000000000
  dir 16680/23042: min 1001219080/1000000000, global 1001219080/1000000000
  dir 16740/23042: min 1001219080/1000000000, global 1001219080/1000000000
  dir 16800/23042: min 1001219080/1000000000, global 1001219080/1000000000
  dir 16860/23042: min 1001219080/1000000000, global 1001219080/1000000000
  dir 16920/23042: min 1001219080/1000000000, global 1001219080/1000000000
  dir 16980/23042: min 1001219080/1000000000, global 1001219080/1000000000
  dir 17040/23042: min 1001219080/1000000000, global 1001219080/1000000000
  dir 17100/23042: min 1001219080/1000000000, global 1001219080/1000000000
  dir 17160/23042: min 1001219080/1000000000, global 1001219080/1000000000
  dir 17220/23042: min 1001219080/1000000000, global 1001219080/1000000000
  dir 17280/23042: min 1001219080/1000000000, global 1001219080/1000000000
  dir 17340/23042: min 1001219080/1000000000, global 1001219080/1000000000
  dir 17400/23042: min 1001219080/1000000000, global 1001219080/1000000000
  dir 17460/23042: min 1001219080/1000000000, global 1001219080/1000000000
  dir 17520/23042: min 1001219080/1000000000, global 1001219080/1000000000
  dir 17580/23042: min 1001219080/1000000000, global 1001219080/1000000000
  dir 17640/23042: min 1001219080/1000000000, global 1001219080/1000000000
  dir 17700/23042: min 1001219080/1000000000, global 1001219080/1000000000
  dir 17760/23042: min 1001219080/1000000000, global 1001219080/1000000000
  dir 17820/23042: min 1001219080/1000000000, global 1001219080/1000000000
  dir 17880/23042: min 1001219080/1000000000, global 1001219080/1000000000
  dir 17940/23042: min 1001219080/1000000000, global 1001219080/1000000000
  dir 18000/23042: min 1001219080/1000000000, global 1001219080/1000000000
  dir 18060/23042: min 1001219080/1000000000, global 1001219080/1000000000
  dir 18120/23042: min 1001219080/1000000000, global 1001219080/1000000000
  dir 18180/23042: min 1001219080/1000000000, global 1001219080/1000000000
  dir 18240/23042: min 1001219080/1000000000, global 1001219080/1000000000
  dir 18300/23042: min 1001219080/1000000000, global 1001219080/1000000000
  dir 18360/23042: min 1001219080/1000000000, global 1001219080/1000000000
  dir 18420/23042: min 1001219080/1000000000, global 1001219080/1000000000
  dir 18480/23042: min 1001219080/1000000000, global 1001219080/1000000000
  dir 18540/23042: min 1001219080/1000000000, global 1001219080/1000000000
  dir 18600/23042: min 1001219080/1000000000, global 1001219080/1000000000
  dir 18660/23042: min 1001219080/1000000000, global 1001219080/1000000000
  dir 18720/23042: min 1001219080/1000000000, global 1001219080/1000000000
  dir 18780/23042: min 1001219080/1000000000, global 1001219080/1000000000
  dir 18840/23042: min 1001219080/1000000000, global 1001219080/1000000000
  dir 18900/23042: min 1001219080/1000000000, global 1001219080/1000000000
  dir 18960/23042: min 1001219080/1000000000, global 1001219080/1000000000
  dir 19020/23042: min 1001219080/1000000000, global 1001219080/1000000000
  dir 19080/23042: min 1001219080/1000000000, global 1001219080/1000000000
  dir 19140/23042: min 1001219080/1000000000, global 1001219080/1000000000
  dir 19200/23042: min 1001219080/1000000000, global 1001219080/1000000000
  dir 19260/23042: min 1001219080/1000000000, global 1001219080/1000000000
  dir 19320/23042: min 1001219080/1000000000, global 1001219080/1000000000
  dir 19380/23042: min 1001219080/1000000000, global 1001219080/1000000000
  dir 19440/23042: min 1001219080/1000000000, global 1001219080/1000000000
  dir 19500/23042: min 1001219080/1000000000, global 1001219080/1000000000
  dir 19560/23042: min 1001219080/1000000000, global 1001219080/1000000000
  dir 19620/23042: min 1001219080/1000000000, global 1001219080/1000000000
  dir 19680/23042: min 1001219080/1000000000, global 1001219080/1000000000
  dir 19740/23042: min 1001219080/1000000000, global 1001219080/1000000000
  dir 19800/23042: min 1001219080/1000000000, global 1001219080/1000000000
  dir 19860/23042: min 1001219080/1000000000, global 1001219080/1000000000
  dir 19920/23042: min 1001219080/1000000000, global 1001219080/1000000000
  dir 19980/23042: min 1001219080/1000000000, global 1001219080/1000000000
  dir 20040/23042: min 1001219080/1000000000, global 1001219080/1000000000
  dir 20100/23042: min 1001219080/1000000000, global 1001219080/1000000000
  dir 20160/23042: min 1001219080/1000000000, global 1001219080/1000000000
  dir 20220/23042: min 1001219080/1000000000, global 1001219080/1000000000
  dir 20280/23042: min 1001219080/1000000000, global 1001219080/1000000000
  dir 20340/23042: min 1001219080/1000000000, global 1001219080/1000000000
  dir 20400/23042: min 1001219080/1000000000, global 1001219080/1000000000
  dir 20460/23042: min 1001219080/1000000000, global 1001219080/1000000000
  dir 20520/23042: min 1001219080/1000000000, global 1001219080/1000000000
  dir 20580/23042: min 1001219080/1000000000, global 1001219080/1000000000
  dir 20640/23042: min 1001219080/1000000000, global 1001219080/1000000000
  dir 20700/23042: min 1001219080/1000000000, global 1001219080/1000000000
  dir 20760/23042: min 1001219080/1000000000, global 1001219080/1000000000
  dir 20820/23042: min 1001219080/1000000000, global 1001219080/1000000000
  dir 20880/23042: min 1000222750/1000000000, global 1000222750/1000000000
  dir 20940/23042: min 1000222750/1000000000, global 1000222750/1000000000
  dir 21000/23042: min 1000222750/1000000000, global 1000222750/1000000000
  dir 21060/23042: min 1000222750/1000000000, global 1000222750/1000000000
  dir 21120/23042: min 1000222750/1000000000, global 1000222750/1000000000
  dir 21180/23042: min 1000222750/1000000000, global 1000222750/1000000000
  dir 21240/23042: min 1001219080/1000000000, global 1000222750/1000000000
  dir 21300/23042: min 1001219080/1000000000, global 1000222750/1000000000
  dir 21360/23042: min 1001219080/1000000000, global 1000222750/1000000000
  dir 21420/23042: min 1001219080/1000000000, global 1000222750/1000000000
  dir 21480/23042: min 1001219080/1000000000, global 1000222750/1000000000
  dir 21540/23042: min 1001219080/1000000000, global 1000222750/1000000000
  dir 21600/23042: min 1001219080/1000000000, global 1000222750/1000000000
  dir 21660/23042: min 1001219080/1000000000, global 1000222750/1000000000
  dir 21720/23042: min 1001219080/1000000000, global 1000222750/1000000000
  dir 21780/23042: min 1001219080/1000000000, global 1000222750/1000000000
  dir 21840/23042: min 1001219080/1000000000, global 1000222750/1000000000
  dir 21900/23042: min 1001219080/1000000000, global 1000222750/1000000000
  dir 21960/23042: min 1001219080/1000000000, global 1000222750/1000000000
  dir 22020/23042: min 1001219080/1000000000, global 1000222750/1000000000
  dir 22080/23042: min 1001219080/1000000000, global 1000222750/1000000000
  dir 22140/23042: min 1001219080/1000000000, global 1000222750/1000000000
  dir 22200/23042: min 1001219080/1000000000, global 1000222750/1000000000
  dir 22260/23042: min 1001219080/1000000000, global 1000222750/1000000000
  dir 22320/23042: min 1001219080/1000000000, global 1000222750/1000000000
  dir 22380/23042: min 1001219080/1000000000, global 1000222750/1000000000
  dir 22440/23042: min 1001219080/1000000000, global 1000222750/1000000000
  dir 22500/23042: min 1001219080/1000000000, global 1000222750/1000000000
  dir 22560/23042: min 1001219080/1000000000, global 1000222750/1000000000
  dir 22620/23042: min 1001219080/1000000000, global 1000222750/1000000000
  dir 22680/23042: min 1001219080/1000000000, global 1000222750/1000000000
  dir 22740/23042: min 1001219080/1000000000, global 1000222750/1000000000
  dir 22800/23042: min 1001219080/1000000000, global 1000222750/1000000000
  dir 22860/23042: min 1001219080/1000000000, global 1000222750/1000000000
  dir 22920/23042: min 1001219080/1000000000, global 1000222750/1000000000
  dir 22980/23042: min 1001219080/1000000000, global 1000222750/1000000000
  dir 23040/23042: min 1001219080/1000000000, global 1000222750/1000000000
minimum score = 1000222750/1000000000 = 1.000223
CERTIFICATE: PASS -> s(17) >= 922621/200000 = 4.613105
RANGE_RESULT PASS 1000222750 1000000000
atoms = 387, total = 16999900220/1000000000 = 16.999900
net = 46081, B(1+D) = 0.999808987221 (< 1: True)
  dir 23100/34563: min 1001219080/1000000000, global 1001219080/1000000000
  dir 23160/34563: min 1001219080/1000000000, global 1001219080/1000000000
  dir 23220/34563: min 1001219080/1000000000, global 1001219080/1000000000
  dir 23280/34563: min 1001219080/1000000000, global 1001219080/1000000000
  dir 23340/34563: min 1001219080/1000000000, global 1001219080/1000000000
  dir 23400/34563: min 1001219080/1000000000, global 1001219080/1000000000
  dir 23460/34563: min 1001219080/1000000000, global 1001219080/1000000000
  dir 23520/34563: min 1001219080/1000000000, global 1001219080/1000000000
  dir 23580/34563: min 1001219080/1000000000, global 1001219080/1000000000
  dir 23640/34563: min 1001219080/1000000000, global 1001219080/1000000000
  dir 23700/34563: min 1001219080/1000000000, global 1001219080/1000000000
  dir 23760/34563: min 1001219080/1000000000, global 1001219080/1000000000
  dir 23820/34563: min 1001219080/1000000000, global 1001219080/1000000000
  dir 23880/34563: min 1001219080/1000000000, global 1001219080/1000000000
  dir 23940/34563: min 1001219080/1000000000, global 1001219080/1000000000
  dir 24000/34563: min 1001219080/1000000000, global 1001219080/1000000000
  dir 24060/34563: min 1001219080/1000000000, global 1001219080/1000000000
  dir 24120/34563: min 1001219080/1000000000, global 1001219080/1000000000
  dir 24180/34563: min 1001219080/1000000000, global 1001219080/1000000000
  dir 24240/34563: min 1001219080/1000000000, global 1001219080/1000000000
  dir 24300/34563: min 1001219080/1000000000, global 1001219080/1000000000
  dir 24360/34563: min 1001219080/1000000000, global 1001219080/1000000000
  dir 24420/34563: min 1001219080/1000000000, global 1001219080/1000000000
  dir 24480/34563: min 1001219080/1000000000, global 1001219080/1000000000
  dir 24540/34563: min 1001219080/1000000000, global 1001219080/1000000000
  dir 24600/34563: min 1001219080/1000000000, global 1001219080/1000000000
  dir 24660/34563: min 1001219080/1000000000, global 1001219080/1000000000
  dir 24720/34563: min 1001219080/1000000000, global 1001219080/1000000000
  dir 24780/34563: min 1001219080/1000000000, global 1001219080/1000000000
  dir 24840/34563: min 1001219080/1000000000, global 1001219080/1000000000
  dir 24900/34563: min 1001219080/1000000000, global 1001219080/1000000000
  dir 24960/34563: min 1001219080/1000000000, global 1001219080/1000000000
  dir 25020/34563: min 1001219080/1000000000, global 1001219080/1000000000
  dir 25080/34563: min 1001219080/1000000000, global 1001219080/1000000000
  dir 25140/34563: min 1001219080/1000000000, global 1001219080/1000000000
  dir 25200/34563: min 1001219080/1000000000, global 1001219080/1000000000
  dir 25260/34563: min 1001219080/1000000000, global 1001219080/1000000000
  dir 25320/34563: min 1001219080/1000000000, global 1001219080/1000000000
  dir 25380/34563: min 1001219080/1000000000, global 1001219080/1000000000
  dir 25440/34563: min 1001219080/1000000000, global 1001219080/1000000000
  dir 25500/34563: min 1001219080/1000000000, global 1001219080/1000000000
  dir 25560/34563: min 1001219080/1000000000, global 1001219080/1000000000
  dir 25620/34563: min 1001219080/1000000000, global 1001219080/1000000000
  dir 25680/34563: min 1001219080/1000000000, global 1001219080/1000000000
  dir 25740/34563: min 1001219080/1000000000, global 1001219080/1000000000
  dir 25800/34563: min 1001219080/1000000000, global 1001219080/1000000000
  dir 25860/34563: min 1001219080/1000000000, global 1001219080/1000000000
  dir 25920/34563: min 1001219080/1000000000, global 1001219080/1000000000
  dir 25980/34563: min 1001219080/1000000000, global 1001219080/1000000000
  dir 26040/34563: min 1001219080/1000000000, global 1001219080/1000000000
  dir 26100/34563: min 1001219080/1000000000, global 1001219080/1000000000
  dir 26160/34563: min 1001219080/1000000000, global 1001219080/1000000000
  dir 26220/34563: min 1001219080/1000000000, global 1001219080/1000000000
  dir 26280/34563: min 1001219080/1000000000, global 1001219080/1000000000
  dir 26340/34563: min 1001219080/1000000000, global 1001219080/1000000000
  dir 26400/34563: min 1001219080/1000000000, global 1001219080/1000000000
  dir 26460/34563: min 1001219080/1000000000, global 1001219080/1000000000
  dir 26520/34563: min 1001219080/1000000000, global 1001219080/1000000000
  dir 26580/34563: min 1001219080/1000000000, global 1001219080/1000000000
  dir 26640/34563: min 1001219080/1000000000, global 1001219080/1000000000
  dir 26700/34563: min 1001219080/1000000000, global 1001219080/1000000000
  dir 26760/34563: min 1001219080/1000000000, global 1001219080/1000000000
  dir 26820/34563: min 1001219080/1000000000, global 1001219080/1000000000
  dir 26880/34563: min 1001219080/1000000000, global 1001219080/1000000000
  dir 26940/34563: min 1001219080/1000000000, global 1001219080/1000000000
  dir 27000/34563: min 1001219080/1000000000, global 1001219080/1000000000
  dir 27060/34563: min 1001219080/1000000000, global 1001219080/1000000000
  dir 27120/34563: min 1001219080/1000000000, global 1001219080/1000000000
  dir 27180/34563: min 1001219080/1000000000, global 1001219080/1000000000
  dir 27240/34563: min 1001219080/1000000000, global 1001219080/1000000000
  dir 27300/34563: min 1001219080/1000000000, global 1001219080/1000000000
  dir 27360/34563: min 1001219080/1000000000, global 1001219080/1000000000
  dir 27420/34563: min 1001219080/1000000000, global 1001219080/1000000000
  dir 27480/34563: min 1001219080/1000000000, global 1001219080/1000000000
  dir 27540/34563: min 1001219080/1000000000, global 1001219080/1000000000
  dir 27600/34563: min 1001219080/1000000000, global 1001219080/1000000000
  dir 27660/34563: min 1001219080/1000000000, global 1001219080/1000000000
  dir 27720/34563: min 1001219080/1000000000, global 1001219080/1000000000
  dir 27780/34563: min 1001219080/1000000000, global 1001219080/1000000000
  dir 27840/34563: min 1001219080/1000000000, global 1001219080/1000000000
  dir 27900/34563: min 1001219080/1000000000, global 1001219080/1000000000
  dir 27960/34563: min 1001219080/1000000000, global 1001219080/1000000000
  dir 28020/34563: min 1001219080/1000000000, global 1001219080/1000000000
  dir 28080/34563: min 1001219080/1000000000, global 1001219080/1000000000
  dir 28140/34563: min 1001219080/1000000000, global 1001219080/1000000000
  dir 28200/34563: min 1001219080/1000000000, global 1001219080/1000000000
  dir 28260/34563: min 1001219080/1000000000, global 1001219080/1000000000
  dir 28320/34563: min 1001219080/1000000000, global 1001219080/1000000000
  dir 28380/34563: min 1001219080/1000000000, global 1001219080/1000000000
  dir 28440/34563: min 1001219080/1000000000, global 1001219080/1000000000
  dir 28500/34563: min 1001219080/1000000000, global 1001219080/1000000000
  dir 28560/34563: min 1001219080/1000000000, global 1001219080/1000000000
  dir 28620/34563: min 1001219080/1000000000, global 1001219080/1000000000
  dir 28680/34563: min 1001219080/1000000000, global 1001219080/1000000000
  dir 28740/34563: min 1001219080/1000000000, global 1001219080/1000000000
  dir 28800/34563: min 1001219080/1000000000, global 1001219080/1000000000
  dir 28860/34563: min 1001219080/1000000000, global 1001219080/1000000000
  dir 28920/34563: min 1001219080/1000000000, global 1001219080/1000000000
  dir 28980/34563: min 1001219080/1000000000, global 1001219080/1000000000
  dir 29040/34563: min 1001219080/1000000000, global 1001219080/1000000000
  dir 29100/34563: min 1001219080/1000000000, global 1001219080/1000000000
  dir 29160/34563: min 1001219080/1000000000, global 1001219080/1000000000
  dir 29220/34563: min 1001219080/1000000000, global 1001219080/1000000000
  dir 29280/34563: min 1001219080/1000000000, global 1001219080/1000000000
  dir 29340/34563: min 1001219080/1000000000, global 1001219080/1000000000
  dir 29400/34563: min 1001219080/1000000000, global 1001219080/1000000000
  dir 29460/34563: min 1001219080/1000000000, global 1001219080/1000000000
  dir 29520/34563: min 1001219080/1000000000, global 1001219080/1000000000
  dir 29580/34563: min 1001219080/1000000000, global 1001219080/1000000000
  dir 29640/34563: min 1001219080/1000000000, global 1001219080/1000000000
  dir 29700/34563: min 1001219080/1000000000, global 1001219080/1000000000
  dir 29760/34563: min 1001219080/1000000000, global 1001219080/1000000000
  dir 29820/34563: min 1001219080/1000000000, global 1001219080/1000000000
  dir 29880/34563: min 1001219080/1000000000, global 1001219080/1000000000
  dir 29940/34563: min 1001219080/1000000000, global 1001219080/1000000000
  dir 30000/34563: min 1001219080/1000000000, global 1001219080/1000000000
  dir 30060/34563: min 1001219080/1000000000, global 1001219080/1000000000
  dir 30120/34563: min 1001219080/1000000000, global 1001219080/1000000000
  dir 30180/34563: min 1001219080/1000000000, global 1001219080/1000000000
  dir 30240/34563: min 1001219080/1000000000, global 1001219080/1000000000
  dir 30300/34563: min 1001219080/1000000000, global 1001219080/1000000000
  dir 30360/34563: min 1001219080/1000000000, global 1001219080/1000000000
  dir 30420/34563: min 1001219080/1000000000, global 1001219080/1000000000
  dir 30480/34563: min 1001219080/1000000000, global 1001219080/1000000000
  dir 30540/34563: min 1001219080/1000000000, global 1001219080/1000000000
  dir 30600/34563: min 1001219080/1000000000, global 1001219080/1000000000
  dir 30660/34563: min 1001219080/1000000000, global 1001219080/1000000000
  dir 30720/34563: min 1001219080/1000000000, global 1001219080/1000000000
  dir 30780/34563: min 1001219080/1000000000, global 1001219080/1000000000
  dir 30840/34563: min 1001219080/1000000000, global 1001219080/1000000000
  dir 30900/34563: min 1001219080/1000000000, global 1001219080/1000000000
  dir 30960/34563: min 1001219080/1000000000, global 1001219080/1000000000
  dir 31020/34563: min 1001219080/1000000000, global 1001219080/1000000000
  dir 31080/34563: min 1001219080/1000000000, global 1001219080/1000000000
  dir 31140/34563: min 1001219080/1000000000, global 1001219080/1000000000
  dir 31200/34563: min 1001219080/1000000000, global 1001219080/1000000000
  dir 31260/34563: min 1001219080/1000000000, global 1001219080/1000000000
  dir 31320/34563: min 1001219080/1000000000, global 1001219080/1000000000
  dir 31380/34563: min 1001219080/1000000000, global 1001219080/1000000000
  dir 31440/34563: min 1001219080/1000000000, global 1001219080/1000000000
  dir 31500/34563: min 1001219080/1000000000, global 1001219080/1000000000
  dir 31560/34563: min 1001219080/1000000000, global 1001219080/1000000000
  dir 31620/34563: min 1001219080/1000000000, global 1001219080/1000000000
  dir 31680/34563: min 1001219080/1000000000, global 1001219080/1000000000
  dir 31740/34563: min 1001219080/1000000000, global 1001219080/1000000000
  dir 31800/34563: min 1001219080/1000000000, global 1001219080/1000000000
  dir 31860/34563: min 1001219080/1000000000, global 1001219080/1000000000
  dir 31920/34563: min 1001219080/1000000000, global 1001219080/1000000000
  dir 31980/34563: min 1001219080/1000000000, global 1001219080/1000000000
  dir 32040/34563: min 1001219080/1000000000, global 1001219080/1000000000
  dir 32100/34563: min 1001219080/1000000000, global 1001219080/1000000000
  dir 32160/34563: min 1001219080/1000000000, global 1001219080/1000000000
  dir 32220/34563: min 1001219080/1000000000, global 1001219080/1000000000
  dir 32280/34563: min 1001219080/1000000000, global 1001219080/1000000000
  dir 32340/34563: min 1001219080/1000000000, global 1001219080/1000000000
  dir 32400/34563: min 1001219080/1000000000, global 1001219080/1000000000
  dir 32460/34563: min 1001219080/1000000000, global 1001219080/1000000000
  dir 32520/34563: min 1001219080/1000000000, global 1001219080/1000000000
  dir 32580/34563: min 1001219080/1000000000, global 1001219080/1000000000
  dir 32640/34563: min 1001219080/1000000000, global 1001219080/1000000000
  dir 32700/34563: min 1001219080/1000000000, global 1001219080/1000000000
  dir 32760/34563: min 1001219080/1000000000, global 1001219080/1000000000
  dir 32820/34563: min 1001219080/1000000000, global 1001219080/1000000000
  dir 32880/34563: min 1001219080/1000000000, global 1001219080/1000000000
  dir 32940/34563: min 1001219080/1000000000, global 1001219080/1000000000
  dir 33000/34563: min 1001219080/1000000000, global 1001219080/1000000000
  dir 33060/34563: min 1001219080/1000000000, global 1001219080/1000000000
  dir 33120/34563: min 1001219080/1000000000, global 1001219080/1000000000
  dir 33180/34563: min 1001219080/1000000000, global 1001219080/1000000000
  dir 33240/34563: min 1001219080/1000000000, global 1001219080/1000000000
  dir 33300/34563: min 1001219080/1000000000, global 1001219080/1000000000
  dir 33360/34563: min 1001219080/1000000000, global 1001219080/1000000000
  dir 33420/34563: min 1001219080/1000000000, global 1001219080/1000000000
  dir 33480/34563: min 1001219080/1000000000, global 1001219080/1000000000
  dir 33540/34563: min 1001219080/1000000000, global 1001219080/1000000000
  dir 33600/34563: min 1001219080/1000000000, global 1001219080/1000000000
  dir 33660/34563: min 1001219080/1000000000, global 1001219080/1000000000
  dir 33720/34563: min 1001219080/1000000000, global 1001219080/1000000000
  dir 33780/34563: min 1001219080/1000000000, global 1001219080/1000000000
  dir 33840/34563: min 1001219080/1000000000, global 1001219080/1000000000
  dir 33900/34563: min 1001219080/1000000000, global 1001219080/1000000000
  dir 33960/34563: min 1001219080/1000000000, global 1001219080/1000000000
  dir 34020/34563: min 1001219080/1000000000, global 1001219080/1000000000
  dir 34080/34563: min 1001219080/1000000000, global 1001219080/1000000000
  dir 34140/34563: min 1001219080/1000000000, global 1001219080/1000000000
  dir 34200/34563: min 1001219080/1000000000, global 1001219080/1000000000
  dir 34260/34563: min 1001219080/1000000000, global 1001219080/1000000000
  dir 34320/34563: min 1001219080/1000000000, global 1001219080/1000000000
  dir 34380/34563: min 1001219080/1000000000, global 1001219080/1000000000
  dir 34440/34563: min 1001219080/1000000000, global 1001219080/1000000000
  dir 34500/34563: min 1001219080/1000000000, global 1001219080/1000000000
  dir 34560/34563: min 1001219080/1000000000, global 1001219080/1000000000
minimum score = 1001219080/1000000000 = 1.001219
CERTIFICATE: PASS -> s(17) >= 922621/200000 = 4.613105
RANGE_RESULT PASS 1001219080 1000000000
atoms = 387, total = 16999900220/1000000000 = 16.999900
net = 46081, B(1+D) = 0.999808987221 (< 1: True)
  dir 34620/46081: min 1001219080/1000000000, global 1001219080/1000000000
  dir 34680/46081: min 1001219080/1000000000, global 1001219080/1000000000
  dir 34740/46081: min 1001219080/1000000000, global 1001219080/1000000000
  dir 34800/46081: min 1001219080/1000000000, global 1001219080/1000000000
  dir 34860/46081: min 1001219080/1000000000, global 1001219080/1000000000
  dir 34920/46081: min 1001219080/1000000000, global 1001219080/1000000000
  dir 34980/46081: min 1001219080/1000000000, global 1001219080/1000000000
  dir 35040/46081: min 1001219080/1000000000, global 1001219080/1000000000
  dir 35100/46081: min 1001219080/1000000000, global 1001219080/1000000000
  dir 35160/46081: min 1001219080/1000000000, global 1001219080/1000000000
  dir 35220/46081: min 1001219080/1000000000, global 1001219080/1000000000
  dir 35280/46081: min 1001219080/1000000000, global 1001219080/1000000000
  dir 35340/46081: min 1001219080/1000000000, global 1001219080/1000000000
  dir 35400/46081: min 1001219080/1000000000, global 1001219080/1000000000
  dir 35460/46081: min 1001219080/1000000000, global 1001219080/1000000000
  dir 35520/46081: min 1001219080/1000000000, global 1001219080/1000000000
  dir 35580/46081: min 1001219080/1000000000, global 1001219080/1000000000
  dir 35640/46081: min 1001219080/1000000000, global 1001219080/1000000000
  dir 35700/46081: min 1001219080/1000000000, global 1001219080/1000000000
  dir 35760/46081: min 1001219080/1000000000, global 1001219080/1000000000
  dir 35820/46081: min 1001219080/1000000000, global 1001219080/1000000000
  dir 35880/46081: min 1001219080/1000000000, global 1001219080/1000000000
  dir 35940/46081: min 1001219080/1000000000, global 1001219080/1000000000
  dir 36000/46081: min 1001219080/1000000000, global 1001219080/1000000000
  dir 36060/46081: min 1001219080/1000000000, global 1001219080/1000000000
  dir 36120/46081: min 1001219080/1000000000, global 1001219080/1000000000
  dir 36180/46081: min 1001219080/1000000000, global 1001219080/1000000000
  dir 36240/46081: min 1001219080/1000000000, global 1001219080/1000000000
  dir 36300/46081: min 1001219080/1000000000, global 1001219080/1000000000
  dir 36360/46081: min 1001219080/1000000000, global 1001219080/1000000000
  dir 36420/46081: min 1001219080/1000000000, global 1001219080/1000000000
  dir 36480/46081: min 1001219080/1000000000, global 1001219080/1000000000
  dir 36540/46081: min 1001219080/1000000000, global 1001219080/1000000000
  dir 36600/46081: min 1001219080/1000000000, global 1001219080/1000000000
  dir 36660/46081: min 1001219080/1000000000, global 1001219080/1000000000
  dir 36720/46081: min 1001219080/1000000000, global 1001219080/1000000000
  dir 36780/46081: min 1001219080/1000000000, global 1001219080/1000000000
  dir 36840/46081: min 1001219080/1000000000, global 1001219080/1000000000
  dir 36900/46081: min 1001219080/1000000000, global 1001219080/1000000000
  dir 36960/46081: min 1001219080/1000000000, global 1001219080/1000000000
  dir 37020/46081: min 1001219080/1000000000, global 1001219080/1000000000
  dir 37080/46081: min 1001219080/1000000000, global 1001219080/1000000000
  dir 37140/46081: min 1001219080/1000000000, global 1001219080/1000000000
  dir 37200/46081: min 1001219080/1000000000, global 1001219080/1000000000
  dir 37260/46081: min 1001219080/1000000000, global 1001219080/1000000000
  dir 37320/46081: min 1001219080/1000000000, global 1001219080/1000000000
  dir 37380/46081: min 1001219080/1000000000, global 1001219080/1000000000
  dir 37440/46081: min 1001219080/1000000000, global 1001219080/1000000000
  dir 37500/46081: min 1001219080/1000000000, global 1001219080/1000000000
  dir 37560/46081: min 1001219080/1000000000, global 1001219080/1000000000
  dir 37620/46081: min 1001219080/1000000000, global 1001219080/1000000000
  dir 37680/46081: min 1001219080/1000000000, global 1001219080/1000000000
  dir 37740/46081: min 1001219080/1000000000, global 1001219080/1000000000
  dir 37800/46081: min 1001219080/1000000000, global 1001219080/1000000000
  dir 37860/46081: min 1001219080/1000000000, global 1001219080/1000000000
  dir 37920/46081: min 1001219080/1000000000, global 1001219080/1000000000
  dir 37980/46081: min 1001219080/1000000000, global 1001219080/1000000000
  dir 38040/46081: min 1001219080/1000000000, global 1001219080/1000000000
  dir 38100/46081: min 1001219080/1000000000, global 1001219080/1000000000
  dir 38160/46081: min 1001219080/1000000000, global 1001219080/1000000000
  dir 38220/46081: min 1001219080/1000000000, global 1001219080/1000000000
  dir 38280/46081: min 1001219080/1000000000, global 1001219080/1000000000
  dir 38340/46081: min 1001219080/1000000000, global 1001219080/1000000000
  dir 38400/46081: min 1001219080/1000000000, global 1001219080/1000000000
  dir 38460/46081: min 1001219080/1000000000, global 1001219080/1000000000
  dir 38520/46081: min 1001219080/1000000000, global 1001219080/1000000000
  dir 38580/46081: min 1001219080/1000000000, global 1001219080/1000000000
  dir 38640/46081: min 1001219080/1000000000, global 1001219080/1000000000
  dir 38700/46081: min 1001219080/1000000000, global 1001219080/1000000000
  dir 38760/46081: min 1001219080/1000000000, global 1001219080/1000000000
  dir 38820/46081: min 1001219080/1000000000, global 1001219080/1000000000
  dir 38880/46081: min 1001219080/1000000000, global 1001219080/1000000000
  dir 38940/46081: min 1001219080/1000000000, global 1001219080/1000000000
  dir 39000/46081: min 1001219080/1000000000, global 1001219080/1000000000
  dir 39060/46081: min 1001219080/1000000000, global 1001219080/1000000000
  dir 39120/46081: min 1001219080/1000000000, global 1001219080/1000000000
  dir 39180/46081: min 1001219080/1000000000, global 1001219080/1000000000
  dir 39240/46081: min 1001219080/1000000000, global 1001219080/1000000000
  dir 39300/46081: min 1001219080/1000000000, global 1001219080/1000000000
  dir 39360/46081: min 1001219080/1000000000, global 1001219080/1000000000
  dir 39420/46081: min 1001219080/1000000000, global 1001219080/1000000000
  dir 39480/46081: min 1001219080/1000000000, global 1001219080/1000000000
  dir 39540/46081: min 1001219080/1000000000, global 1001219080/1000000000
  dir 39600/46081: min 1001219080/1000000000, global 1001219080/1000000000
  dir 39660/46081: min 1001219080/1000000000, global 1001219080/1000000000
  dir 39720/46081: min 1001219080/1000000000, global 1001219080/1000000000
  dir 39780/46081: min 1001219080/1000000000, global 1001219080/1000000000
  dir 39840/46081: min 1001219080/1000000000, global 1001219080/1000000000
  dir 39900/46081: min 1001219080/1000000000, global 1001219080/1000000000
  dir 39960/46081: min 1001219080/1000000000, global 1001219080/1000000000
  dir 40020/46081: min 1001219080/1000000000, global 1001219080/1000000000
  dir 40080/46081: min 1001219080/1000000000, global 1001219080/1000000000
  dir 40140/46081: min 1001219080/1000000000, global 1001219080/1000000000
  dir 40200/46081: min 1001219080/1000000000, global 1001219080/1000000000
  dir 40260/46081: min 1001219080/1000000000, global 1001219080/1000000000
  dir 40320/46081: min 1001219080/1000000000, global 1001219080/1000000000
  dir 40380/46081: min 1001219080/1000000000, global 1001219080/1000000000
  dir 40440/46081: min 1001219080/1000000000, global 1001219080/1000000000
  dir 40500/46081: min 1001219080/1000000000, global 1001219080/1000000000
  dir 40560/46081: min 1001219080/1000000000, global 1001219080/1000000000
  dir 40620/46081: min 1001219080/1000000000, global 1001219080/1000000000
  dir 40680/46081: min 1001219080/1000000000, global 1001219080/1000000000
  dir 40740/46081: min 1001219080/1000000000, global 1001219080/1000000000
  dir 40800/46081: min 1001219080/1000000000, global 1001219080/1000000000
  dir 40860/46081: min 1001219080/1000000000, global 1001219080/1000000000
  dir 40920/46081: min 1001219080/1000000000, global 1001219080/1000000000
  dir 40980/46081: min 1001219080/1000000000, global 1001219080/1000000000
  dir 41040/46081: min 1001219080/1000000000, global 1001219080/1000000000
  dir 41100/46081: min 1001219080/1000000000, global 1001219080/1000000000
  dir 41160/46081: min 1001219080/1000000000, global 1001219080/1000000000
  dir 41220/46081: min 1001219080/1000000000, global 1001219080/1000000000
  dir 41280/46081: min 1001219080/1000000000, global 1001219080/1000000000
  dir 41340/46081: min 1001219080/1000000000, global 1001219080/1000000000
  dir 41400/46081: min 1001219080/1000000000, global 1001219080/1000000000
  dir 41460/46081: min 1001219080/1000000000, global 1001219080/1000000000
  dir 41520/46081: min 1001219080/1000000000, global 1001219080/1000000000
  dir 41580/46081: min 1001219080/1000000000, global 1001219080/1000000000
  dir 41640/46081: min 1001219080/1000000000, global 1001219080/1000000000
  dir 41700/46081: min 1001219080/1000000000, global 1001219080/1000000000
  dir 41760/46081: min 1001219080/1000000000, global 1001219080/1000000000
  dir 41820/46081: min 1001219080/1000000000, global 1001219080/1000000000
  dir 41880/46081: min 1001219080/1000000000, global 1001219080/1000000000
  dir 41940/46081: min 1001219080/1000000000, global 1001219080/1000000000
  dir 42000/46081: min 1001219080/1000000000, global 1001219080/1000000000
  dir 42060/46081: min 1001219080/1000000000, global 1001219080/1000000000
  dir 42120/46081: min 1001219080/1000000000, global 1001219080/1000000000
  dir 42180/46081: min 1001219080/1000000000, global 1001219080/1000000000
  dir 42240/46081: min 1001219080/1000000000, global 1001219080/1000000000
  dir 42300/46081: min 1001219080/1000000000, global 1001219080/1000000000
  dir 42360/46081: min 1001219080/1000000000, global 1001219080/1000000000
  dir 42420/46081: min 1001219080/1000000000, global 1001219080/1000000000
  dir 42480/46081: min 1001219080/1000000000, global 1001219080/1000000000
  dir 42540/46081: min 1001219080/1000000000, global 1001219080/1000000000
  dir 42600/46081: min 1001219080/1000000000, global 1001219080/1000000000
  dir 42660/46081: min 1001219080/1000000000, global 1001219080/1000000000
  dir 42720/46081: min 1001219080/1000000000, global 1001219080/1000000000
  dir 42780/46081: min 1001219080/1000000000, global 1001219080/1000000000
  dir 42840/46081: min 1001219080/1000000000, global 1001219080/1000000000
  dir 42900/46081: min 1001219080/1000000000, global 1001219080/1000000000
  dir 42960/46081: min 1001219080/1000000000, global 1001219080/1000000000
  dir 43020/46081: min 1001219080/1000000000, global 1001219080/1000000000
  dir 43080/46081: min 1001219080/1000000000, global 1001219080/1000000000
  dir 43140/46081: min 1001219080/1000000000, global 1001219080/1000000000
  dir 43200/46081: min 1001219080/1000000000, global 1001219080/1000000000
  dir 43260/46081: min 1001219080/1000000000, global 1001219080/1000000000
  dir 43320/46081: min 1001219080/1000000000, global 1001219080/1000000000
  dir 43380/46081: min 1001219080/1000000000, global 1001219080/1000000000
  dir 43440/46081: min 1001219080/1000000000, global 1001219080/1000000000
  dir 43500/46081: min 1001219080/1000000000, global 1001219080/1000000000
  dir 43560/46081: min 1001219080/1000000000, global 1001219080/1000000000
  dir 43620/46081: min 1001219080/1000000000, global 1001219080/1000000000
  dir 43680/46081: min 1001219080/1000000000, global 1001219080/1000000000
  dir 43740/46081: min 1001219080/1000000000, global 1001219080/1000000000
  dir 43800/46081: min 1001219080/1000000000, global 1001219080/1000000000
  dir 43860/46081: min 1001219080/1000000000, global 1001219080/1000000000
  dir 43920/46081: min 1001219080/1000000000, global 1001219080/1000000000
  dir 43980/46081: min 1001219080/1000000000, global 1001219080/1000000000
  dir 44040/46081: min 1001219080/1000000000, global 1001219080/1000000000
  dir 44100/46081: min 1001219080/1000000000, global 1001219080/1000000000
  dir 44160/46081: min 1001219080/1000000000, global 1001219080/1000000000
  dir 44220/46081: min 1001219080/1000000000, global 1001219080/1000000000
  dir 44280/46081: min 1001219080/1000000000, global 1001219080/1000000000
  dir 44340/46081: min 1001219080/1000000000, global 1001219080/1000000000
  dir 44400/46081: min 1001219080/1000000000, global 1001219080/1000000000
  dir 44460/46081: min 1001219080/1000000000, global 1001219080/1000000000
  dir 44520/46081: min 1001219080/1000000000, global 1001219080/1000000000
  dir 44580/46081: min 1001219080/1000000000, global 1001219080/1000000000
  dir 44640/46081: min 1001219080/1000000000, global 1001219080/1000000000
  dir 44700/46081: min 1001219080/1000000000, global 1001219080/1000000000
  dir 44760/46081: min 1001219080/1000000000, global 1001219080/1000000000
  dir 44820/46081: min 1001219080/1000000000, global 1001219080/1000000000
  dir 44880/46081: min 1001219080/1000000000, global 1001219080/1000000000
  dir 44940/46081: min 1001219080/1000000000, global 1001219080/1000000000
  dir 45000/46081: min 1001219080/1000000000, global 1001219080/1000000000
  dir 45060/46081: min 1001219080/1000000000, global 1001219080/1000000000
  dir 45120/46081: min 1001219080/1000000000, global 1001219080/1000000000
  dir 45180/46081: min 1001219080/1000000000, global 1001219080/1000000000
  dir 45240/46081: min 1001219080/1000000000, global 1001219080/1000000000
  dir 45300/46081: min 1001219080/1000000000, global 1001219080/1000000000
  dir 45360/46081: min 1001219080/1000000000, global 1001219080/1000000000
  dir 45420/46081: min 1001219080/1000000000, global 1001219080/1000000000
  dir 45480/46081: min 1001219080/1000000000, global 1001219080/1000000000
  dir 45540/46081: min 1001219080/1000000000, global 1001219080/1000000000
  dir 45600/46081: min 1001219080/1000000000, global 1001219080/1000000000
  dir 45660/46081: min 1001219080/1000000000, global 1001219080/1000000000
  dir 45720/46081: min 1001219080/1000000000, global 1001219080/1000000000
  dir 45780/46081: min 1001219080/1000000000, global 1001219080/1000000000
  dir 45840/46081: min 1001219080/1000000000, global 1001219080/1000000000
  dir 45900/46081: min 1001219080/1000000000, global 1001219080/1000000000
  dir 45960/46081: min 1001219080/1000000000, global 1001219080/1000000000
  dir 46020/46081: min 1001219080/1000000000, global 1001219080/1000000000
  dir 46080/46081: min 1001219080/1000000000, global 1001219080/1000000000
minimum score = 1001219080/1000000000 = 1.001219
CERTIFICATE: PASS -> s(17) >= 922621/200000 = 4.613105
RANGE_RESULT PASS 1001219080 1000000000
combined: PASS, min score 1000222750/1000000000
