atoms = 1608, total = 16999990208/1000000000 = 16.999990
net = 5761, B(1+D) = 0.999921901366 (< 1: True)
  dir 0/1441: min 1000100008/1000000000, global 1000100008/1000000000
  dir 60/1441: min 1000100008/1000000000, global 1000100008/1000000000
  dir 120/1441: min 1000100008/1000000000, global 1000100008/1000000000
  dir 180/1441: min 1000100008/1000000000, global 1000100008/1000000000
  dir 240/1441: min 1000100008/1000000000, global 1000100008/1000000000
  dir 300/1441: min 1000100008/1000000000, global 1000100008/1000000000
  dir 360/1441: min 1000100008/1000000000, global 1000100008/1000000000
  dir 420/1441: min 1000100008/1000000000, global 1000100008/1000000000
  dir 480/1441: min 1000100008/1000000000, global 1000100008/1000000000
  dir 540/1441: min 1000100008/1000000000, global 1000100008/1000000000
  dir 600/1441: min 1000100008/1000000000, global 1000100008/1000000000
  dir 660/1441: min 1000100008/1000000000, global 1000100008/1000000000
  dir 720/1441: min 1000100008/1000000000, global 1000100008/1000000000
  dir 780/1441: min 1000100008/1000000000, global 1000100008/1000000000
  dir 840/1441: min 1000100008/1000000000, global 1000100008/1000000000
  dir 900/1441: min 1000100008/1000000000, global 1000100008/1000000000
  dir 960/1441: min 1000100008/1000000000, global 1000100008/1000000000
  dir 1020/1441: min 1000100008/1000000000, global 1000100008/1000000000
  dir 1080/1441: min 1000100008/1000000000, global 1000100008/1000000000
  dir 1140/1441: min 1000100008/1000000000, global 1000100008/1000000000
  dir 1200/1441: min 1000100008/1000000000, global 1000100008/1000000000
  dir 1260/1441: min 1000100008/1000000000, global 1000100008/1000000000
  dir 1320/1441: min 1000100008/1000000000, global 1000100008/1000000000
  dir 1380/1441: min 1000100008/1000000000, global 1000100008/1000000000
  dir 1440/1441: min 1000100008/1000000000, global 1000100008/1000000000
minimum score = 1000100008/1000000000 = 1.000100
CERTIFICATE: PASS -> s(17) >= 4613/1000 = 4.613000
RANGE_RESULT PASS 1000100008 1000000000
atoms = 1608, total = 16999990208/1000000000 = 16.999990
net = 5761, B(1+D) = 0.999921901366 (< 1: True)
  dir 1500/2882: min 1000100008/1000000000, global 1000100008/1000000000
  dir 1560/2882: min 1000100008/1000000000, global 1000100008/1000000000
  dir 1620/2882: min 1000100008/1000000000, global 1000100008/1000000000
  dir 1680/2882: min 1000100008/1000000000, global 1000100008/1000000000
  dir 1740/2882: min 1000100008/1000000000, global 1000100008/1000000000
  dir 1800/2882: min 1000100008/1000000000, global 1000100008/1000000000
  dir 1860/2882: min 1000100008/1000000000, global 1000100008/1000000000
  dir 1920/2882: min 1000100008/1000000000, global 1000100008/1000000000
  dir 1980/2882: min 1000100008/1000000000, global 1000100008/1000000000
  dir 2040/2882: min 1000100007/1000000000, global 1000100007/1000000000
  dir 2100/2882: min 1000100007/1000000000, global 1000100007/1000000000
  dir 2160/2882: min 1000100007/1000000000, global 1000100007/1000000000
  dir 2220/2882: min 1000100007/1000000000, global 1000100007/1000000000
  dir 2280/2882: min 1000100007/1000000000, global 1000100007/1000000000
  dir 2340/2882: min 1000100007/1000000000, global 1000100007/1000000000
  dir 2400/2882: min 1000100007/1000000000, global 1000100007/1000000000
  dir 2460/2882: min 1000100007/1000000000, global 1000100007/1000000000
  dir 2520/2882: min 1000100007/1000000000, global 1000100007/1000000000
  dir 2580/2882: min 1000100007/1000000000, global 1000100007/1000000000
  dir 2640/2882: min 1000100007/1000000000, global 1000100007/1000000000
  dir 2700/2882: min 1000100007/1000000000, global 1000100007/1000000000
  dir 2760/2882: min 1000100007/1000000000, global 1000100007/1000000000
  dir 2820/2882: min 1000100007/1000000000, global 1000100007/1000000000
  dir 2880/2882: min 1000100007/1000000000, global 1000100007/1000000000
minimum score = 1000100007/1000000000 = 1.000100
CERTIFICATE: PASS -> s(17) >= 4613/1000 = 4.613000
RANGE_RESULT PASS 1000100007 1000000000
atoms = 1608, total = 16999990208/1000000000 = 16.999990
net = 5761, B(1+D) = 0.999921901366 (< 1: True)
  dir 2940/4323: min 1000100007/1000000000, global 1000100007/1000000000
  dir 3000/4323: min 1000100007/1000000000, global 1000100007/1000000000
  dir 3060/4323: min 1000100007/1000000000, global 1000100007/1000000000
  dir 3120/4323: min 1000100007/1000000000, global 1000100007/1000000000
  dir 3180/4323: min 1000100007/1000000000, global 1000100007/1000000000
  dir 3240/4323: min 1000100007/1000000000, global 1000100007/1000000000
  dir 3300/4323: min 1000100007/1000000000, global 1000100007/1000000000
  dir 3360/4323: min 1000100007/1000000000, global 1000100007/1000000000
  dir 3420/4323: min 1000100007/1000000000, global 1000100007/1000000000
  dir 3480/4323: min 1000100007/1000000000, global 1000100007/1000000000
  dir 3540/4323: min 1000100007/1000000000, global 1000100007/1000000000
  dir 3600/4323: min 1000100007/1000000000, global 1000100007/1000000000
  dir 3660/4323: min 1000100007/1000000000, global 1000100007/1000000000
  dir 3720/4323: min 1000100007/1000000000, global 1000100007/1000000000
  dir 3780/4323: min 1000100007/1000000000, global 1000100007/1000000000
  dir 3840/4323: min 1000100007/1000000000, global 1000100007/1000000000
  dir 3900/4323: min 1000100007/1000000000, global 1000100007/1000000000
  dir 3960/4323: min 1000100007/1000000000, global 1000100007/1000000000
  dir 4020/4323: min 1000100007/1000000000, global 1000100007/1000000000
  dir 4080/4323: min 1000100007/1000000000, global 1000100007/1000000000
  dir 4140/4323: min 1000100007/1000000000, global 1000100007/1000000000
  dir 4200/4323: min 1000100007/1000000000, global 1000100007/1000000000
  dir 4260/4323: min 1000100007/1000000000, global 1000100007/1000000000
  dir 4320/4323: min 1000100007/1000000000, global 1000100007/1000000000
minimum score = 1000100007/1000000000 = 1.000100
CERTIFICATE: PASS -> s(17) >= 4613/1000 = 4.613000
RANGE_RESULT PASS 1000100007 1000000000
atoms = 1608, total = 16999990208/1000000000 = 16.999990
net = 5761, B(1+D) = 0.999921901366 (< 1: True)
  dir 4380/5761: min 1000100007/1000000000, global 1000100007/1000000000
  dir 4440/5761: min 1000100007/1000000000, global 1000100007/1000000000
  dir 4500/5761: min 1000100007/1000000000, global 1000100007/1000000000
  dir 4560/5761: min 1000100007/1000000000, global 1000100007/1000000000
  dir 4620/5761: min 1000100007/1000000000, global 1000100007/1000000000
  dir 4680/5761: min 1000100007/1000000000, global 1000100007/1000000000
  dir 4740/5761: min 1000100007/1000000000, global 1000100007/1000000000
  dir 4800/5761: min 1000100007/1000000000, global 1000100007/1000000000
  dir 4860/5761: min 1000100007/1000000000, global 1000100007/1000000000
  dir 4920/5761: min 1000100007/1000000000, global 1000100007/1000000000
  dir 4980/5761: min 1000100007/1000000000, global 1000100007/1000000000
  dir 5040/5761: min 1000100007/1000000000, global 1000100007/1000000000
  dir 5100/5761: min 1000100009/1000000000, global 1000100007/1000000000
  dir 5160/5761: min 1000100009/1000000000, global 1000100007/1000000000
  dir 5220/5761: min 1000100009/1000000000, global 1000100007/1000000000
  dir 5280/5761: min 1000100008/1000000000, global 1000100007/1000000000
  dir 5340/5761: min 1000100008/1000000000, global 1000100007/1000000000
  dir 5400/5761: min 1000100008/1000000000, global 1000100007/1000000000
  dir 5460/5761: min 1000100008/1000000000, global 1000100007/1000000000
  dir 5520/5761: min 1000100008/1000000000, global 1000100007/1000000000
  dir 5580/5761: min 1000100008/1000000000, global 1000100007/1000000000
  dir 5640/5761: min 1000100008/1000000000, global 1000100007/1000000000
  dir 5700/5761: min 1000100008/1000000000, global 1000100007/1000000000
  dir 5760/5761: min 1000100008/1000000000, global 1000100007/1000000000
minimum score = 1000100007/1000000000 = 1.000100
CERTIFICATE: PASS -> s(17) >= 4613/1000 = 4.613000
RANGE_RESULT PASS 1000100007 1000000000
combined: PASS, min score 1000100007/1000000000
