atoms = 387, total = 16999900220/1000000000 = 16.999900
net = 11521, B(1+D) = 0.999835948885 (< 1: True)
  dir 0/2881: min 1001219080/1000000000, global 1001219080/1000000000
  dir 60/2881: min 1001219080/1000000000, global 1001219080/1000000000
  dir 120/2881: min 1001219080/1000000000, global 1001219080/1000000000
  dir 180/2881: min 1001219080/1000000000, global 1001219080/1000000000
  dir 240/2881: min 1001219080/1000000000, global 1001219080/1000000000
  dir 300/2881: min 1001219080/1000000000, global 1001219080/1000000000
  dir 360/2881: min 1001219080/1000000000, global 1001219080/1000000000
  dir 420/2881: min 1001219080/1000000000, global 1001219080/1000000000
  dir 480/2881: min 1001219080/1000000000, global 1001219080/1000000000
  dir 540/2881: min 1001219080/1000000000, global 1001219080/1000000000
  dir 600/2881: min 1001219080/1000000000, global 1001219080/1000000000
  dir 660/2881: min 1001219080/1000000000, global 1001219080/1000000000
  dir 720/2881: min 1001219080/1000000000, global 1001219080/1000000000
  dir 780/2881: min 1001219080/1000000000, global 1001219080/1000000000
  dir 840/2881: min 1001219080/1000000000, global 1001219080/1000000000
  dir 900/2881: min 1001219080/1000000000, global 1001219080/1000000000
  dir 960/2881: min 1001219080/1000000000, global 1001219080/1000000000
  dir 1020/2881: min 1001219080/1000000000, global 1001219080/1000000000
  dir 1080/2881: min 1001219080/1000000000, global 1001219080/1000000000
  dir 1140/2881: min 1001219080/1000000000, global 1001219080/1000000000
  dir 1200/2881: min 1001219080/1000000000, global 1001219080/1000000000
  dir 1260/2881: min 1001219080/1000000000, global 1001219080/1000000000
  dir 1320/2881: min 1001219080/1000000000, global 1001219080/1000000000
  dir 1380/2881: min 1001219080/1000000000, global 1001219080/1000000000
  dir 1440/2881: min 1001219080/1000000000, global 1001219080/1000000000
  dir 1500/2881: min 1001219080/1000000000, global 1001219080/1000000000
  dir 1560/2881: min 1001219080/1000000000, global 1001219080/1000000000
  dir 1620/2881: min 1001219080/1000000000, global 1001219080/1000000000
  dir 1680/2881: min 1001219080/1000000000, global 1001219080/1000000000
  dir 1740/2881: min 1001219080/1000000000, global 1001219080/1000000000
  dir 1800/2881: min 1001219080/1000000000, global 1001219080/1000000000
  dir 1860/2881: min 1001219080/1000000000, global 1001219080/1000000000
  dir 1920/2881: min 1001219080/1000000000, global 1001219080/1000000000
  dir 1980/2881: min 1001219080/1000000000, global 1001219080/1000000000
  dir 2040/2881: min 1001219080/1000000000, global 1001219080/1000000000
  dir 2100/2881: min 1001219080/1000000000, global 1001219080/1000000000
  dir 2160/2881: min 1001219080/1000000000, global 1001219080/1000000000
  dir 2220/2881: min 1001219080/1000000000, global 1001219080/1000000000
  dir 2280/2881: min 1001219080/1000000000, global 1001219080/1000000000
  dir 2340/2881: min 1001219080/1000000000, global 1001219080/1000000000
  dir 2400/2881: min 1001219080/1000000000, global 1001219080/1000000000
  dir 2460/2881: min 1001219080/1000000000, global 1001219080/1000000000
  dir 2520/2881: min 1001219080/1000000000, global 1001219080/1000000000
  dir 2580/2881: min 1001219080/1000000000, global 1001219080/1000000000
  dir 2640/2881: min 1001219080/1000000000, global 1001219080/1000000000
  dir 2700/2881: min 1001219080/1000000000, global 1001219080/1000000000
  dir 2760/2881: min 1001219080/1000000000, global 1001219080/1000000000
  dir 2820/2881: min 1001219080/1000000000, global 1001219080/1000000000
  dir 2880/2881: min 1001219080/1000000000, global 1001219080/1000000000
minimum score = 1001219080/1000000000 = 1.001219
CERTIFICATE: PASS -> s(17) >= 922621/200000 = 4.613105
RANGE_RESULT PASS 1001219080 1000000000
atoms = 387, total = 16999900220/1000000000 = 16.999900
net = 11521, B(1+D) = 0.999835948885 (< 1: True)
  dir 2940/5762: min 1001219080/1000000000, global 1001219080/1000000000
  dir 3000/5762: min 1001219080/1000000000, global 1001219080/1000000000
  dir 3060/5762: min 1001219080/1000000000, global 1001219080/1000000000
  dir 3120/5762: min 1001219080/1000000000, global 1001219080/1000000000
  dir 3180/5762: min 1001219080/1000000000, global 1001219080/1000000000
  dir 3240/5762: min 1001219080/1000000000, global 1001219080/1000000000
  dir 3300/5762: min 1001219080/1000000000, global 1001219080/1000000000
  dir 3360/5762: min 1001219080/1000000000, global 1001219080/1000000000
  dir 3420/5762: min 1001219080/1000000000, global 1001219080/1000000000
  dir 3480/5762: min 1001219080/1000000000, global 1001219080/1000000000
  dir 3540/5762: min 1001219080/1000000000, global 1001219080/1000000000
  dir 3600/5762: min 1001219080/1000000000, global 1001219080/1000000000
  dir 3660/5762: min 1001219080/1000000000, global 1001219080/1000000000
  dir 3720/5762: min 1001219080/1000000000, global 1001219080/1000000000
  dir 3780/5762: min 1001219080/1000000000, global 1001219080/1000000000
  dir 3840/5762: min 1001219080/1000000000, global 1001219080/1000000000
  dir 3900/5762: min 1001219080/1000000000, global 1001219080/1000000000
  dir 3960/5762: min 1001219080/1000000000, global 1001219080/1000000000
  dir 4020/5762: min 1001219080/1000000000, global 1001219080/1000000000
  dir 4080/5762: min 1001219080/1000000000, global 1001219080/1000000000
  dir 4140/5762: min 1001219080/1000000000, global 1001219080/1000000000
  dir 4200/5762: min 1001219080/1000000000, global 1001219080/1000000000
  dir 4260/5762: min 1001219080/1000000000, global 1001219080/1000000000
  dir 4320/5762: min 1001219080/1000000000, global 1001219080/1000000000
  dir 4380/5762: min 1001219080/1000000000, global 1001219080/1000000000
  dir 4440/5762: min 1001219080/1000000000, global 1001219080/1000000000
  dir 4500/5762: min 1001219080/1000000000, global 1001219080/1000000000
  dir 4560/5762: min 1001219080/1000000000, global 1001219080/1000000000
  dir 4620/5762: min 1001219080/1000000000, global 1001219080/1000000000
  dir 4680/5762: min 1001219080/1000000000, global 1001219080/1000000000
  dir 4740/5762: min 1001219080/1000000000, global 1001219080/1000000000
  dir 4800/5762: min 1001219080/1000000000, global 1001219080/1000000000
  dir 4860/5762: min 1001219080/1000000000, global 1001219080/1000000000
  dir 4920/5762: min 1001219080/1000000000, global 1001219080/1000000000
  dir 4980/5762: min 1001219080/1000000000, global 1001219080/1000000000
  dir 5040/5762: min 1001219080/1000000000, global 1001219080/1000000000
  dir 5100/5762: min 1001219080/1000000000, global 1001219080/1000000000
  dir 5160/5762: min 1001219080/1000000000, global 1001219080/1000000000
  dir 5220/5762: min 1000222750/1000000000, global 1000222750/1000000000
  dir 5280/5762: min 1000222750/1000000000, global 1000222750/1000000000
  dir 5340/5762: min 1001219080/1000000000, global 1000222750/1000000000
  dir 5400/5762: min 1001219080/1000000000, global 1000222750/1000000000
  dir 5460/5762: min 1001219080/1000000000, global 1000222750/1000000000
  dir 5520/5762: min 1001219080/1000000000, global 1000222750/1000000000
  dir 5580/5762: min 1001219080/1000000000, global 1000222750/1000000000
  dir 5640/5762: min 1001219080/1000000000, global 1000222750/1000000000
  dir 5700/5762: min 1001219080/1000000000, global 1000222750/1000000000
  dir 5760/5762: min 1001219080/1000000000, global 1000222750/1000000000
minimum score = 1000222750/1000000000 = 1.000223
CERTIFICATE: PASS -> s(17) >= 922621/200000 = 4.613105
RANGE_RESULT PASS 1000222750 1000000000
atoms = 387, total = 16999900220/1000000000 = 16.999900
net = 11521, B(1+D) = 0.999835948885 (< 1: True)
  dir 5820/8643: min 1001219080/1000000000, global 1001219080/1000000000
  dir 5880/8643: min 1001219080/1000000000, global 1001219080/1000000000
  dir 5940/8643: min 1001219080/1000000000, global 1001219080/1000000000
  dir 6000/8643: min 1001219080/1000000000, global 1001219080/1000000000
  dir 6060/8643: min 1001219080/1000000000, global 1001219080/1000000000
  dir 6120/8643: min 1001219080/1000000000, global 1001219080/1000000000
  dir 6180/8643: min 1001219080/1000000000, global 1001219080/1000000000
  dir 6240/8643: min 1001219080/1000000000, global 1001219080/1000000000
  dir 6300/8643: min 1001219080/1000000000, global 1001219080/1000000000
  dir 6360/8643: min 1001219080/1000000000, global 1001219080/1000000000
  dir 6420/8643: min 1001219080/1000000000, global 1001219080/1000000000
  dir 6480/8643: min 1001219080/1000000000, global 1001219080/1000000000
  dir 6540/8643: min 1001219080/1000000000, global 1001219080/1000000000
  dir 6600/8643: min 1001219080/1000000000, global 1001219080/1000000000
  dir 6660/8643: min 1001219080/1000000000, global 1001219080/1000000000
  dir 6720/8643: min 1001219080/1000000000, global 1001219080/1000000000
  dir 6780/8643: min 1001219080/1000000000, global 1001219080/1000000000
  dir 6840/8643: min 1001219080/1000000000, global 1001219080/1000000000
  dir 6900/8643: min 1001219080/1000000000, global 1001219080/1000000000
  dir 6960/8643: min 1001219080/1000000000, global 1001219080/1000000000
  dir 7020/8643: min 1001219080/1000000000, global 1001219080/1000000000
  dir 7080/8643: min 1001219080/1000000000, global 1001219080/1000000000
  dir 7140/8643: min 1001219080/1000000000, global 1001219080/1000000000
  dir 7200/8643: min 1001219080/1000000000, global 1001219080/1000000000
  dir 7260/8643: min 1001219080/1000000000, global 1001219080/1000000000
  dir 7320/8643: min 1001219080/1000000000, global 1001219080/1000000000
  dir 7380/8643: min 1001219080/1000000000, global 1001219080/1000000000
  dir 7440/8643: min 1001219080/1000000000, global 1001219080/1000000000
  dir 7500/8643: min 1001219080/1000000000, global 1001219080/1000000000
  dir 7560/8643: min 1001219080/1000000000, global 1001219080/1000000000
  dir 7620/8643: min 1001219080/1000000000, global 1001219080/1000000000
  dir 7680/8643: min 1001219080/1000000000, global 1001219080/1000000000
  dir 7740/8643: min 1001219080/1000000000, global 1001219080/1000000000
  dir 7800/8643: min 1001219080/1000000000, global 1001219080/1000000000
  dir 7860/8643: min 1001219080/1000000000, global 1001219080/1000000000
  dir 7920/8643: min 1001219080/1000000000, global 1001219080/1000000000
  dir 7980/8643: min 1001219080/1000000000, global 1001219080/1000000000
  dir 8040/8643: min 1001219080/1000000000, global 1001219080/1000000000
  dir 8100/8643: min 1001219080/1000000000, global 1001219080/1000000000
  dir 8160/8643: min 1001219080/1000000000, global 1001219080/1000000000
  dir 8220/8643: min 1001219080/1000000000, global 1001219080/1000000000
  dir 8280/8643: min 1001219080/1000000000, global 1001219080/1000000000
  dir 8340/8643: min 1001219080/1000000000, global 1001219080/1000000000
  dir 8400/8643: min 1001219080/1000000000, global 1001219080/1000000000
  dir 8460/8643: min 1001219080/1000000000, global 1001219080/1000000000
  dir 8520/8643: min 1001219080/1000000000, global 1001219080/1000000000
  dir 8580/8643: min 1001219080/1000000000, global 1001219080/1000000000
  dir 8640/8643: min 1001219080/1000000000, global 1001219080/1000000000
minimum score = 1001219080/1000000000 = 1.001219
CERTIFICATE: PASS -> s(17) >= 922621/200000 = 4.613105
RANGE_RESULT PASS 1001219080 1000000000
atoms = 387, total = 16999900220/1000000000 = 16.999900
net = 11521, B(1+D) = 0.999835948885 (< 1: True)
  dir 8700/11521: min 1001219080/1000000000, global 1001219080/1000000000
  dir 8760/11521: min 1001219080/1000000000, global 1001219080/1000000000
  dir 8820/11521: min 1001219080/1000000000, global 1001219080/1000000000
  dir 8880/11521: min 1001219080/1000000000, global 1001219080/1000000000
  dir 8940/11521: min 1001219080/1000000000, global 1001219080/1000000000
  dir 9000/11521: min 1001219080/1000000000, global 1001219080/1000000000
  dir 9060/11521: min 1001219080/1000000000, global 1001219080/1000000000
  dir 9120/11521: min 1001219080/1000000000, global 1001219080/1000000000
  dir 9180/11521: min 1001219080/1000000000, global 1001219080/1000000000
  dir 9240/11521: min 1001219080/1000000000, global 1001219080/1000000000
  dir 9300/11521: min 1001219080/1000000000, global 1001219080/1000000000
  dir 9360/11521: min 1001219080/1000000000, global 1001219080/1000000000
  dir 9420/11521: min 1001219080/1000000000, global 1001219080/1000000000
  dir 9480/11521: min 1001219080/1000000000, global 1001219080/1000000000
  dir 9540/11521: min 1001219080/1000000000, global 1001219080/1000000000
  dir 9600/11521: min 1001219080/1000000000, global 1001219080/1000000000
  dir 9660/11521: min 1001219080/1000000000, global 1001219080/1000000000
  dir 9720/11521: min 1001219080/1000000000, global 1001219080/1000000000
  dir 9780/11521: min 1001219080/1000000000, global 1001219080/1000000000
  dir 9840/11521: min 1001219080/1000000000, global 1001219080/1000000000
  dir 9900/11521: min 1001219080/1000000000, global 1001219080/1000000000
  dir 9960/11521: min 1001219080/1000000000, global 1001219080/1000000000
  dir 10020/11521: min 1001219080/1000000000, global 1001219080/1000000000
  dir 10080/11521: min 1001219080/1000000000, global 1001219080/1000000000
  dir 10140/11521: min 1001219080/1000000000, global 1001219080/1000000000
  dir 10200/11521: min 1001219080/1000000000, global 1001219080/1000000000
  dir 10260/11521: min 1001219080/1000000000, global 1001219080/1000000000
  dir 10320/11521: min 1001219080/1000000000, global 1001219080/1000000000
  dir 10380/11521: min 1001219080/1000000000, global 1001219080/1000000000
  dir 10440/11521: min 1001219080/1000000000, global 1001219080/1000000000
  dir 10500/11521: min 1001219080/1000000000, global 1001219080/1000000000
  dir 10560/11521: min 1001219080/1000000000, global 1001219080/1000000000
  dir 10620/11521: min 1001219080/1000000000, global 1001219080/1000000000
  dir 10680/11521: min 1001219080/1000000000, global 1001219080/1000000000
  dir 10740/11521: min 1001219080/1000000000, global 1001219080/1000000000
  dir 10800/11521: min 1001219080/1000000000, global 1001219080/1000000000
  dir 10860/11521: min 1001219080/1000000000, global 1001219080/1000000000
  dir 10920/11521: min 1001219080/1000000000, global 1001219080/1000000000
  dir 10980/11521: min 1001219080/1000000000, global 1001219080/1000000000
  dir 11040/11521: min 1001219080/1000000000, global 1001219080/1000000000
  dir 11100/11521: min 1001219080/1000000000, global 1001219080/1000000000
  dir 11160/11521: min 1001219080/1000000000, global 1001219080/1000000000
  dir 11220/11521: min 1001219080/1000000000, global 1001219080/1000000000
  dir 11280/11521: min 1001219080/1000000000, global 1001219080/1000000000
  dir 11340/11521: min 1001219080/1000000000, global 1001219080/1000000000
  dir 11400/11521: min 1001219080/1000000000, global 1001219080/1000000000
  dir 11460/11521: min 1001219080/1000000000, global 1001219080/1000000000
  dir 11520/11521: min 1001219080/1000000000, global 1001219080/1000000000
minimum score = 1001219080/1000000000 = 1.001219
CERTIFICATE: PASS -> s(17) >= 922621/200000 = 4.613105
RANGE_RESULT PASS 1001219080 1000000000
combined: PASS, min score 1000222750/1000000000
